Building project...
[INFO] Scanning for projects...
[INFO] 
[INFO] ----------------< com.blockchain:identity-verification >----------------
[INFO] Building  0.0.1-SNAPSHOT
[INFO]   from pom.xml
[INFO] --------------------------------[ jar ]---------------------------------
[INFO] 
[INFO] --- clean:3.4.1:clean (default-clean) @ identity-verification ---
[INFO] Deleting d:\NANI\identity-verification\target
[INFO] 
[INFO] --- resources:3.3.1:resources (default-resources) @ identity-verification ---
[INFO] Copying 1 resource from src\main\resources to target\classes
[INFO] Copying 0 resource from src\main\resources to target\classes
[INFO] 
[INFO] --- compiler:3.14.1:compile (default-compile) @ identity-verification ---
[INFO] Recompiling the module because of changed source code.
[INFO] Compiling 8 source files with javac [debug parameters release 21] to target\classes
[INFO] 
[INFO] --- resources:3.3.1:testResources (default-testResources) @ identity-verification ---
[INFO] skip non existing resourceDirectory d:\NANI\identity-verification\src\test\resources
[INFO] 
[INFO] --- compiler:3.14.1:testCompile (default-testCompile) @ identity-verification ---
[INFO] Recompiling the module because of changed dependency.
[INFO] Compiling 1 source file with javac [debug parameters release 21] to target\test-classes
[INFO] 
[INFO] --- surefire:3.5.5:test (default-test) @ identity-verification ---
Downloading from central: https://repo.maven.apache.org/maven2/org/apache/maven/surefire/surefire-api/3.5.5/surefire-api-3.5.5.pom
Progress (1): 833 BProgress (1): 2.1 kBProgress (1): 3.7 kB                    Downloaded from central: https://repo.maven.apache.org/maven2/org/apache/maven/surefire/surefire-api/3.5.5/surefire-api-3.5.5.pom (3.7 kB at 6.4 kB/s)
Downloading from central: https://repo.maven.apache.org/maven2/org/apache/maven/surefire/surefire-logger-api/3.5.5/surefire-logger-api-3.5.5.pom
Progress (1): 826 BProgress (1): 1.7 kBProgress (1): 3.5 kB                    Downloaded from central: https://repo.maven.apache.org/maven2/org/apache/maven/surefire/surefire-logger-api/3.5.5/surefire-logger-api-3.5.5.pom (3.5 kB at 12 kB/s)
Downloading from central: https://repo.maven.apache.org/maven2/org/apache/maven/surefire/surefire-shared-utils/3.5.5/surefire-shared-utils-3.5.5.pom
Progress (1): 1.1 kBProgress (1): 3.6 kBProgress (1): 4.0 kB                    Downloaded from central: https://repo.maven.apache.org/maven2/org/apache/maven/surefire/surefire-shared-utils/3.5.5/surefire-shared-utils-3.5.5.pom (4.0 kB at 20 kB/s)
Downloading from central: https://repo.maven.apache.org/maven2/org/apache/maven/surefire/surefire-extensions-api/3.5.5/surefire-extensions-api-3.5.5.pom
Progress (1): 833 BProgress (1): 2.5 kBProgress (1): 3.6 kB                    Downloaded from central: https://repo.maven.apache.org/maven2/org/apache/maven/surefire/surefire-extensions-api/3.5.5/surefire-extensions-api-3.5.5.pom (3.6 kB at 20 kB/s)
Downloading from central: https://repo.maven.apache.org/maven2/org/apache/maven/surefire/maven-surefire-common/3.5.5/maven-surefire-common-3.5.5.pom
Progress (1): 822 BProgress (1): 2.8 kBProgress (1): 6.6 kBProgress (1): 7.3 kB                    Downloaded from central: https://repo.maven.apache.org/maven2/org/apache/maven/surefire/maven-surefire-common/3.5.5/maven-surefire-common-3.5.5.pom (7.3 kB at 36 kB/s)
Downloading from central: https://repo.maven.apache.org/maven2/org/apache/maven/surefire/surefire-booter/3.5.5/surefire-booter-3.5.5.pom
Progress (1): 830 BProgress (1): 2.3 kBProgress (1): 5.1 kB                    Downloaded from central: https://repo.maven.apache.org/maven2/org/apache/maven/surefire/surefire-booter/3.5.5/surefire-booter-3.5.5.pom (5.1 kB at 28 kB/s)
Downloading from central: https://repo.maven.apache.org/maven2/org/apache/maven/surefire/surefire-extensions-spi/3.5.5/surefire-extensions-spi-3.5.5.pom
Progress (1): 872 BProgress (1): 1.7 kB                    Downloaded from central: https://repo.maven.apache.org/maven2/org/apache/maven/surefire/surefire-extensions-spi/3.5.5/surefire-extensions-spi-3.5.5.pom (1.7 kB at 9.9 kB/s)
Downloading from central: https://repo.maven.apache.org/maven2/org/apache/maven/resolver/maven-resolver-util/1.4.1/maven-resolver-util-1.4.1.pom
Progress (1): 825 BProgress (1): 2.2 kBProgress (1): 2.8 kB                    Downloaded from central: https://repo.maven.apache.org/maven2/org/apache/maven/resolver/maven-resolver-util/1.4.1/maven-resolver-util-1.4.1.pom (2.8 kB at 12 kB/s)
Downloading from central: https://repo.maven.apache.org/maven2/org/apache/maven/resolver/maven-resolver/1.4.1/maven-resolver-1.4.1.pom
Progress (1): 774 BProgress (1): 1.8 kBProgress (1): 3.6 kBProgress (1): 8.4 kBProgress (1): 11 kB Progress (1): 14 kBProgress (1): 18 kBProgress (1): 18 kB                   Downloaded from central: https://repo.maven.apache.org/maven2/org/apache/maven/resolver/maven-resolver/1.4.1/maven-resolver-1.4.1.pom (18 kB at 132 kB/s)
Downloading from central: https://repo.maven.apache.org/maven2/org/apache/maven/maven-parent/33/maven-parent-33.pom
Progress (1): 717 BProgress (1): 1.6 kBProgress (1): 4.2 kBProgress (1): 8.6 kBProgress (1): 11 kB Progress (1): 16 kBProgress (1): 20 kBProgress (1): 24 kBProgress (1): 26 kBProgress (1): 27 kBProgress (1): 30 kBProgress (1): 33 kBProgress (1): 36 kBProgress (1): 38 kBProgress (1): 42 kBProgress (1): 44 kB                   Downloaded from central: https://repo.maven.apache.org/maven2/org/apache/maven/maven-parent/33/maven-parent-33.pom (44 kB at 519 kB/s)
Downloading from central: https://repo.maven.apache.org/maven2/org/apache/apache/21/apache-21.pom
Progress (1): 753 BProgress (1): 1.6 kBProgress (1): 3.5 kBProgress (1): 6.6 kBProgress (1): 11 kB Progress (1): 14 kBProgress (1): 17 kB                   Downloaded from central: https://repo.maven.apache.org/maven2/org/apache/apache/21/apache-21.pom (17 kB at 128 kB/s)
Downloading from central: https://repo.maven.apache.org/maven2/org/apache/maven/resolver/maven-resolver-api/1.4.1/maven-resolver-api-1.4.1.pom
Progress (1): 843 BProgress (1): 2.1 kBProgress (1): 2.6 kB                    Downloaded from central: https://repo.maven.apache.org/maven2/org/apache/maven/resolver/maven-resolver-api/1.4.1/maven-resolver-api-1.4.1.pom (2.6 kB at 36 kB/s)
Downloading from central: https://repo.maven.apache.org/maven2/org/apache/maven/shared/maven-common-artifact-filters/3.4.0/maven-common-artifact-filters-3.4.0.pom
Progress (1): 798 BProgress (1): 2.3 kBProgress (1): 5.4 kBProgress (1): 5.4 kB                    Downloaded from central: https://repo.maven.apache.org/maven2/org/apache/maven/shared/maven-common-artifact-filters/3.4.0/maven-common-artifact-filters-3.4.0.pom (5.4 kB at 112 kB/s)
Downloading from central: https://repo.maven.apache.org/maven2/org/apache/maven/shared/maven-shared-components/42/maven-shared-components-42.pom
Progress (1): 811 BProgress (1): 2.3 kBProgress (1): 3.8 kB                    Downloaded from central: https://repo.maven.apache.org/maven2/org/apache/maven/shared/maven-shared-components/42/maven-shared-components-42.pom (3.8 kB at 25 kB/s)
Downloading from central: https://repo.maven.apache.org/maven2/org/codehaus/plexus/plexus-java/1.5.2/plexus-java-1.5.2.pom
Progress (1): 1.9 kBProgress (1): 4.1 kB                    Downloaded from central: https://repo.maven.apache.org/maven2/org/codehaus/plexus/plexus-java/1.5.2/plexus-java-1.5.2.pom (4.1 kB at 22 kB/s)
Downloading from central: https://repo.maven.apache.org/maven2/org/codehaus/plexus/plexus-languages/1.5.2/plexus-languages-1.5.2.pom
Progress (1): 1.4 kBProgress (1): 3.9 kB                    Downloaded from central: https://repo.maven.apache.org/maven2/org/codehaus/plexus/plexus-languages/1.5.2/plexus-languages-1.5.2.pom (3.9 kB at 18 kB/s)
Downloading from central: https://repo.maven.apache.org/maven2/org/codehaus/plexus/plexus/24/plexus-24.pom
Progress (1): 689 BProgress (1): 2.5 kBProgress (1): 6.4 kBProgress (1): 8.8 kBProgress (1): 11 kB Progress (1): 12 kBProgress (1): 16 kBProgress (1): 18 kBProgress (1): 21 kBProgress (1): 24 kBProgress (1): 29 kBProgress (1): 31 kB                   Downloaded from central: https://repo.maven.apache.org/maven2/org/codehaus/plexus/plexus/24/plexus-24.pom (31 kB at 149 kB/s)
Downloading from central: https://repo.maven.apache.org/maven2/org/ow2/asm/asm/9.9.1/asm-9.9.1.pom
Progress (1): 1.3 kBProgress (1): 2.4 kB                    Downloaded from central: https://repo.maven.apache.org/maven2/org/ow2/asm/asm/9.9.1/asm-9.9.1.pom (2.4 kB at 15 kB/s)
Downloading from central: https://repo.maven.apache.org/maven2/org/apache/maven/surefire/surefire-api/3.5.5/surefire-api-3.5.5.jar
Progress (1): 3.8/174 kBProgress (1): 8.0/174 kBProgress (1): 12/174 kB Progress (1): 16/174 kBProgress (1): 20/174 kBProgress (1): 24/174 kBProgress (1): 28/174 kBProgress (1): 33/174 kBProgress (1): 37/174 kBProgress (1): 41/174 kBProgress (1): 45/174 kBProgress (1): 49/174 kBProgress (1): 54/174 kBProgress (1): 58/174 kBProgress (1): 62/174 kBProgress (1): 66/174 kBProgress (1): 71/174 kBProgress (1): 75/174 kBProgress (1): 79/174 kBProgress (1): 83/174 kBProgress (1): 88/174 kBProgress (1): 92/174 kBProgress (1): 96/174 kBProgress (1): 100/174 kBProgress (1): 104/174 kBProgress (1): 109/174 kBProgress (1): 113/174 kBProgress (1): 129/174 kBProgress (1): 146/174 kBProgress (1): 147/174 kBProgress (1): 163/174 kBProgress (1): 174 kB                        Downloaded from central: https://repo.maven.apache.org/maven2/org/apache/maven/surefire/surefire-api/3.5.5/surefire-api-3.5.5.jar (174 kB at 574 kB/s)
Downloading from central: https://repo.maven.apache.org/maven2/org/apache/maven/surefire/surefire-logger-api/3.5.5/surefire-logger-api-3.5.5.jar
Downloading from central: https://repo.maven.apache.org/maven2/org/apache/maven/surefire/surefire-shared-utils/3.5.5/surefire-shared-utils-3.5.5.jar
Downloading from central: https://repo.maven.apache.org/maven2/org/apache/maven/surefire/surefire-extensions-api/3.5.5/surefire-extensions-api-3.5.5.jar
Downloading from central: https://repo.maven.apache.org/maven2/org/apache/maven/surefire/maven-surefire-common/3.5.5/maven-surefire-common-3.5.5.jar
Downloading from central: https://repo.maven.apache.org/maven2/org/apache/maven/surefire/surefire-booter/3.5.5/surefire-booter-3.5.5.jar
Progress (1): 7.7/26 kBProgress (1): 16/26 kB Progress (1): 26 kB                      Downloaded from central: https://repo.maven.apache.org/maven2/org/apache/maven/surefire/surefire-extensions-api/3.5.5/surefire-extensions-api-3.5.5.jar (26 kB at 220 kB/s)
Downloading from central: https://repo.maven.apache.org/maven2/org/apache/maven/surefire/surefire-extensions-spi/3.5.5/surefire-extensions-spi-3.5.5.jar
Progress (1): 3.4/8.2 kBProgress (1): 8.2 kB                        Downloaded from central: https://repo.maven.apache.org/maven2/org/apache/maven/surefire/surefire-extensions-spi/3.5.5/surefire-extensions-spi-3.5.5.jar (8.2 kB at 40 kB/s)
Downloading from central: https://repo.maven.apache.org/maven2/org/apache/maven/resolver/maven-resolver-util/1.4.1/maven-resolver-util-1.4.1.jar
Progress (1): 0/3.0 MBProgress (1): 0/3.0 MBProgress (1): 0/3.0 MBProgress (1): 0/3.0 MBProgress (1): 0/3.0 MBProgress (1): 0/3.0 MBProgress (2): 0/3.0 MB | 0.9/14 kBProgress (3): 0/3.0 MB | 0.9/14 kB | 0.9/316 kBProgress (4): 0/3.0 MB | 0.9/14 kB | 0.9/316 kB | 0.9/123 kBProgress (4): 0/3.0 MB | 0.9/14 kB | 0.9/316 kB | 0.9/123 kBProgress (4): 0/3.0 MB | 0.9/14 kB | 2.3/316 kB | 0.9/123 kBProgress (4): 0/3.0 MB | 2.3/14 kB | 2.3/316 kB | 0.9/123 kBProgress (4): 0/3.0 MB | 2.3/14 kB | 2.3/316 kB | 2.3/123 kBProgress (4): 0/3.0 MB | 2.3/14 kB | 3.6/316 kB | 2.3/123 kBProgress (4): 0/3.0 MB | 2.3/14 kB | 3.6/316 kB | 2.3/123 kBProgress (4): 0/3.0 MB | 2.3/14 kB | 5.0/316 kB | 2.3/123 kBProgress (4): 0/3.0 MB | 3.6/14 kB | 5.0/316 kB | 2.3/123 kBProgress (4): 0/3.0 MB | 3.6/14 kB | 6.4/316 kB | 2.3/123 kBProgress (4): 0/3.0 MB | 3.6/14 kB | 6.4/316 kB | 2.3/123 kBProgress (4): 0/3.0 MB | 3.6/14 kB | 6.4/316 kB | 3.6/123 kBProgress (4): 0/3.0 MB | 3.6/14 kB | 7.7/316 kB | 3.6/123 kBProgress (4): 0/3.0 MB | 5.0/14 kB | 7.7/316 kB | 3.6/123 kBProgress (4): 0/3.0 MB | 5.0/14 kB | 7.7/316 kB | 3.6/123 kBProgress (4): 0/3.0 MB | 5.0/14 kB | 7.7/316 kB | 3.6/123 kBProgress (4): 0/3.0 MB | 5.0/14 kB | 7.7/316 kB | 5.0/123 kBProgress (4): 0/3.0 MB | 6.4/14 kB | 7.7/316 kB | 5.0/123 kBProgress (4): 0/3.0 MB | 7.7/14 kB | 7.7/316 kB | 5.0/123 kBProgress (4): 0/3.0 MB | 7.7/14 kB | 7.7/316 kB | 5.0/123 kBProgress (4): 0/3.0 MB | 7.7/14 kB | 9.1/316 kB | 5.0/123 kBProgress (4): 0/3.0 MB | 7.7/14 kB | 9.1/316 kB | 6.4/123 kBProgress (4): 0/3.0 MB | 7.7/14 kB | 9.1/316 kB | 6.4/123 kBProgress (4): 0/3.0 MB | 7.7/14 kB | 10/316 kB | 6.4/123 kB Progress (4): 0/3.0 MB | 7.7/14 kB | 10/316 kB | 6.4/123 kBProgress (4): 0/3.0 MB | 7.7/14 kB | 10/316 kB | 6.4/123 kBProgress (4): 0/3.0 MB | 7.7/14 kB | 12/316 kB | 6.4/123 kBProgress (4): 0/3.0 MB | 7.7/14 kB | 12/316 kB | 7.7/123 kBProgress (4): 0/3.0 MB | 7.7/14 kB | 12/316 kB | 7.7/123 kBProgress (4): 0/3.0 MB | 7.7/14 kB | 12/316 kB | 7.7/123 kBProgress (4): 0/3.0 MB | 7.7/14 kB | 12/316 kB | 7.7/123 kBProgress (4): 0/3.0 MB | 7.7/14 kB | 12/316 kB | 9.1/123 kBProgress (4): 0/3.0 MB | 9.1/14 kB | 12/316 kB | 9.1/123 kBProgress (4): 0/3.0 MB | 9.1/14 kB | 12/316 kB | 10/123 kB Progress (4): 0/3.0 MB | 9.1/14 kB | 14/316 kB | 10/123 kBProgress (4): 0/3.0 MB | 10/14 kB | 14/316 kB | 10/123 kB Progress (4): 0/3.0 MB | 12/14 kB | 14/316 kB | 10/123 kBProgress (4): 0/3.0 MB | 12/14 kB | 14/316 kB | 10/123 kBProgress (4): 0/3.0 MB | 13/14 kB | 14/316 kB | 10/123 kBProgress (4): 0/3.0 MB | 13/14 kB | 14/316 kB | 10/123 kBProgress (4): 0/3.0 MB | 14 kB | 14/316 kB | 10/123 kB   Progress (4): 0/3.0 MB | 14 kB | 14/316 kB | 10/123 kBProgress (4): 0/3.0 MB | 14 kB | 14/316 kB | 10/123 kBProgress (4): 0/3.0 MB | 14 kB | 14/316 kB | 10/123 kBProgress (4): 0/3.0 MB | 14 kB | 15/316 kB | 10/123 kBProgress (4): 0/3.0 MB | 14 kB | 15/316 kB | 10/123 kBProgress (4): 0/3.0 MB | 14 kB | 15/316 kB | 10/123 kBProgress (4): 0/3.0 MB | 14 kB | 15/316 kB | 12/123 kBProgress (4): 0/3.0 MB | 14 kB | 15/316 kB | 13/123 kBProgress (4): 0/3.0 MB | 14 kB | 15/316 kB | 15/123 kBProgress (4): 0/3.0 MB | 14 kB | 16/316 kB | 15/123 kBProgress (4): 0/3.0 MB | 14 kB | 16/316 kB | 16/123 kBProgress (4): 0/3.0 MB | 14 kB | 18/316 kB | 16/123 kBProgress (4): 0/3.0 MB | 14 kB | 18/316 kB | 17/123 kBProgress (4): 0/3.0 MB | 14 kB | 19/316 kB | 17/123 kBProgress (4): 0/3.0 MB | 14 kB | 21/316 kB | 17/123 kBProgress (4): 0/3.0 MB | 14 kB | 22/316 kB | 17/123 kBProgress (4): 0/3.0 MB | 14 kB | 23/316 kB | 17/123 kBProgress (4): 0/3.0 MB | 14 kB | 25/316 kB | 17/123 kBProgress (4): 0/3.0 MB | 14 kB | 26/316 kB | 17/123 kBProgress (4): 0/3.0 MB | 14 kB | 27/316 kB | 17/123 kBProgress (4): 0/3.0 MB | 14 kB | 27/316 kB | 19/123 kBProgress (4): 0/3.0 MB | 14 kB | 29/316 kB | 19/123 kBProgress (4): 0/3.0 MB | 14 kB | 30/316 kB | 19/123 kBProgress (4): 0/3.0 MB | 14 kB | 30/316 kB | 20/123 kBProgress (4): 0/3.0 MB | 14 kB | 31/316 kB | 20/123 kBProgress (4): 0/3.0 MB | 14 kB | 31/316 kB | 20/123 kBProgress (4): 0/3.0 MB | 14 kB | 31/316 kB | 21/123 kBProgress (4): 0/3.0 MB | 14 kB | 33/316 kB | 21/123 kBProgress (4): 0/3.0 MB | 14 kB | 33/316 kB | 23/123 kBProgress (4): 0/3.0 MB | 14 kB | 33/316 kB | 23/123 kBProgress (4): 0/3.0 MB | 14 kB | 33/316 kB | 24/123 kBProgress (4): 0/3.0 MB | 14 kB | 33/316 kB | 26/123 kBProgress (4): 0/3.0 MB | 14 kB | 34/316 kB | 26/123 kBProgress (4): 0/3.0 MB | 14 kB | 34/316 kB | 27/123 kBProgress (4): 0/3.0 MB | 14 kB | 34/316 kB | 27/123 kBProgress (4): 0/3.0 MB | 14 kB | 34/316 kB | 28/123 kBProgress (4): 0/3.0 MB | 14 kB | 36/316 kB | 28/123 kBProgress (4): 0/3.0 MB | 14 kB | 36/316 kB | 28/123 kBProgress (4): 0/3.0 MB | 14 kB | 36/316 kB | 29/123 kBProgress (4): 0/3.0 MB | 14 kB | 37/316 kB | 29/123 kBProgress (4): 0/3.0 MB | 14 kB | 37/316 kB | 29/123 kBProgress (4): 0/3.0 MB | 14 kB | 37/316 kB | 30/123 kBProgress (4): 0/3.0 MB | 14 kB | 38/316 kB | 30/123 kBProgress (4): 0/3.0 MB | 14 kB | 38/316 kB | 31/123 kBProgress (4): 0/3.0 MB | 14 kB | 38/316 kB | 31/123 kBProgress (4): 0/3.0 MB | 14 kB | 38/316 kB | 33/123 kBProgress (4): 0/3.0 MB | 14 kB | 38/316 kB | 33/123 kBProgress (4): 0/3.0 MB | 14 kB | 40/316 kB | 33/123 kBProgress (5): 0/3.0 MB | 14 kB | 40/316 kB | 33/123 kB | 7.7/168 kBProgress (5): 0/3.0 MB | 14 kB | 40/316 kB | 33/123 kB | 7.7/168 kBProgress (5): 0/3.0 MB | 14 kB | 41/316 kB | 33/123 kB | 7.7/168 kBProgress (5): 0/3.0 MB | 14 kB | 42/316 kB | 33/123 kB | 7.7/168 kBProgress (5): 0/3.0 MB | 14 kB | 42/316 kB | 33/123 kB | 7.7/168 kBProgress (5): 0/3.0 MB | 14 kB | 42/316 kB | 33/123 kB | 7.7/168 kBProgress (5): 0/3.0 MB | 14 kB | 42/316 kB | 34/123 kB | 7.7/168 kBProgress (5): 0/3.0 MB | 14 kB | 42/316 kB | 34/123 kB | 7.7/168 kBProgress (5): 0/3.0 MB | 14 kB | 42/316 kB | 34/123 kB | 7.7/168 kBProgress (5): 0/3.0 MB | 14 kB | 42/316 kB | 36/123 kB | 7.7/168 kBProgress (5): 0/3.0 MB | 14 kB | 42/316 kB | 36/123 kB | 7.7/168 kBProgress (5): 0/3.0 MB | 14 kB | 42/316 kB | 37/123 kB | 7.7/168 kBProgress (5): 0/3.0 MB | 14 kB | 42/316 kB | 38/123 kB | 7.7/168 kBProgress (5): 0/3.0 MB | 14 kB | 42/316 kB | 38/123 kB | 24/168 kB Progress (5): 0/3.0 MB | 14 kB | 42/316 kB | 40/123 kB | 24/168 kBProgress (5): 0.1/3.0 MB | 14 kB | 42/316 kB | 40/123 kB | 24/168 kBProgress (5): 0.1/3.0 MB | 14 kB | 42/316 kB | 41/123 kB | 24/168 kBProgress (5): 0.1/3.0 MB | 14 kB | 42/316 kB | 41/123 kB | 24/168 kBProgress (5): 0.1/3.0 MB | 14 kB | 44/316 kB | 41/123 kB | 24/168 kBProgress (5): 0.1/3.0 MB | 14 kB | 44/316 kB | 41/123 kB | 40/168 kBProgress (5): 0.1/3.0 MB | 14 kB | 45/316 kB | 41/123 kB | 40/168 kBProgress (5): 0.1/3.0 MB | 14 kB | 47/316 kB | 41/123 kB | 40/168 kBProgress (5): 0.1/3.0 MB | 14 kB | 47/316 kB | 42/123 kB | 40/168 kBProgress (5): 0.1/3.0 MB | 14 kB | 47/316 kB | 44/123 kB | 40/168 kBProgress (5): 0.1/3.0 MB | 14 kB | 47/316 kB | 44/123 kB | 57/168 kBProgress (5): 0.1/3.0 MB | 14 kB | 47/316 kB | 45/123 kB | 57/168 kBProgress (5): 0.1/3.0 MB | 14 kB | 47/316 kB | 46/123 kB | 57/168 kBProgress (5): 0.1/3.0 MB | 14 kB | 47/316 kB | 48/123 kB | 57/168 kBProgress (5): 0.1/3.0 MB | 14 kB | 47/316 kB | 49/123 kB | 57/168 kBProgress (5): 0.1/3.0 MB | 14 kB | 47/316 kB | 49/123 kB | 73/168 kBProgress (5): 0.1/3.0 MB | 14 kB | 47/316 kB | 49/123 kB | 73/168 kBProgress (5): 0.1/3.0 MB | 14 kB | 48/316 kB | 49/123 kB | 73/168 kBProgress (5): 0.1/3.0 MB | 14 kB | 49/316 kB | 49/123 kB | 73/168 kBProgress (5): 0.1/3.0 MB | 14 kB | 49/316 kB | 49/123 kB | 73/168 kBProgress (5): 0.1/3.0 MB | 14 kB | 49/316 kB | 49/123 kB | 73/168 kBProgress (5): 0.1/3.0 MB | 14 kB | 51/316 kB | 49/123 kB | 73/168 kBProgress (5): 0.1/3.0 MB | 14 kB | 51/316 kB | 51/123 kB | 73/168 kBProgress (5): 0.1/3.0 MB | 14 kB | 51/316 kB | 52/123 kB | 73/168 kBProgress (5): 0.1/3.0 MB | 14 kB | 51/316 kB | 53/123 kB | 73/168 kBProgress (5): 0.1/3.0 MB | 14 kB | 52/316 kB | 53/123 kB | 73/168 kBProgress (5): 0.1/3.0 MB | 14 kB | 52/316 kB | 53/123 kB | 73/168 kBProgress (5): 0.1/3.0 MB | 14 kB | 52/316 kB | 53/123 kB | 73/168 kBProgress (5): 0.1/3.0 MB | 14 kB | 52/316 kB | 55/123 kB | 73/168 kBProgress (5): 0.1/3.0 MB | 14 kB | 53/316 kB | 55/123 kB | 73/168 kBProgress (5): 0.1/3.0 MB | 14 kB | 53/316 kB | 59/123 kB | 73/168 kBProgress (5): 0.1/3.0 MB | 14 kB | 55/316 kB | 59/123 kB | 73/168 kBProgress (5): 0.1/3.0 MB | 14 kB | 55/316 kB | 59/123 kB | 73/168 kBProgress (5): 0.1/3.0 MB | 14 kB | 55/316 kB | 59/123 kB | 73/168 kBProgress (5): 0.1/3.0 MB | 14 kB | 55/316 kB | 59/123 kB | 73/168 kBProgress (5): 0.1/3.0 MB | 14 kB | 55/316 kB | 59/123 kB | 73/168 kBProgress (5): 0.1/3.0 MB | 14 kB | 59/316 kB | 59/123 kB | 73/168 kBProgress (5): 0.1/3.0 MB | 14 kB | 59/316 kB | 63/123 kB | 73/168 kBProgress (5): 0.1/3.0 MB | 14 kB | 59/316 kB | 63/123 kB | 73/168 kBProgress (5): 0.1/3.0 MB | 14 kB | 63/316 kB | 63/123 kB | 73/168 kBProgress (5): 0.1/3.0 MB | 14 kB | 67/316 kB | 63/123 kB | 73/168 kBProgress (5): 0.1/3.0 MB | 14 kB | 67/316 kB | 67/123 kB | 73/168 kBProgress (5): 0.1/3.0 MB | 14 kB | 72/316 kB | 67/123 kB | 73/168 kBProgress (5): 0.1/3.0 MB | 14 kB | 72/316 kB | 72/123 kB | 73/168 kBProgress (5): 0.1/3.0 MB | 14 kB | 76/316 kB | 72/123 kB | 73/168 kBProgress (5): 0.1/3.0 MB | 14 kB | 80/316 kB | 72/123 kB | 73/168 kBProgress (5): 0.1/3.0 MB | 14 kB | 84/316 kB | 72/123 kB | 73/168 kB                                                                    Downloaded from central: https://repo.maven.apache.org/maven2/org/apache/maven/surefire/surefire-logger-api/3.5.5/surefire-logger-api-3.5.5.jar (14 kB at 29 kB/s)
Downloading from central: https://repo.maven.apache.org/maven2/org/apache/maven/resolver/maven-resolver-api/1.4.1/maven-resolver-api-1.4.1.jar
Progress (4): 0.1/3.0 MB | 89/316 kB | 72/123 kB | 73/168 kBProgress (4): 0.1/3.0 MB | 89/316 kB | 76/123 kB | 73/168 kBProgress (4): 0.1/3.0 MB | 89/316 kB | 80/123 kB | 73/168 kBProgress (4): 0.1/3.0 MB | 89/316 kB | 84/123 kB | 73/168 kBProgress (4): 0.1/3.0 MB | 89/316 kB | 84/123 kB | 90/168 kBProgress (4): 0.1/3.0 MB | 89/316 kB | 84/123 kB | 90/168 kBProgress (4): 0.1/3.0 MB | 89/316 kB | 89/123 kB | 90/168 kBProgress (4): 0.1/3.0 MB | 89/316 kB | 93/123 kB | 90/168 kBProgress (4): 0.1/3.0 MB | 89/316 kB | 93/123 kB | 90/168 kBProgress (4): 0.1/3.0 MB | 89/316 kB | 97/123 kB | 90/168 kBProgress (4): 0.1/3.0 MB | 89/316 kB | 97/123 kB | 90/168 kBProgress (4): 0.1/3.0 MB | 89/316 kB | 97/123 kB | 106/168 kBProgress (4): 0.1/3.0 MB | 89/316 kB | 101/123 kB | 106/168 kBProgress (4): 0.1/3.0 MB | 89/316 kB | 101/123 kB | 106/168 kBProgress (4): 0.1/3.0 MB | 89/316 kB | 105/123 kB | 106/168 kBProgress (4): 0.1/3.0 MB | 89/316 kB | 105/123 kB | 106/168 kBProgress (4): 0.1/3.0 MB | 89/316 kB | 105/123 kB | 106/168 kBProgress (4): 0.1/3.0 MB | 89/316 kB | 105/123 kB | 122/168 kBProgress (4): 0.1/3.0 MB | 93/316 kB | 105/123 kB | 122/168 kBProgress (4): 0.1/3.0 MB | 93/316 kB | 105/123 kB | 122/168 kBProgress (4): 0.1/3.0 MB | 93/316 kB | 105/123 kB | 139/168 kBProgress (4): 0.1/3.0 MB | 97/316 kB | 105/123 kB | 139/168 kBProgress (4): 0.1/3.0 MB | 97/316 kB | 110/123 kB | 139/168 kBProgress (4): 0.1/3.0 MB | 97/316 kB | 110/123 kB | 155/168 kBProgress (4): 0.1/3.0 MB | 97/316 kB | 110/123 kB | 155/168 kBProgress (4): 0.1/3.0 MB | 101/316 kB | 110/123 kB | 155/168 kBProgress (4): 0.1/3.0 MB | 101/316 kB | 114/123 kB | 155/168 kBProgress (4): 0.1/3.0 MB | 105/316 kB | 114/123 kB | 155/168 kBProgress (4): 0.1/3.0 MB | 110/316 kB | 114/123 kB | 155/168 kBProgress (4): 0.1/3.0 MB | 110/316 kB | 118/123 kB | 155/168 kBProgress (4): 0.1/3.0 MB | 110/316 kB | 118/123 kB | 155/168 kBProgress (4): 0.1/3.0 MB | 114/316 kB | 118/123 kB | 155/168 kBProgress (4): 0.1/3.0 MB | 118/316 kB | 118/123 kB | 155/168 kBProgress (4): 0.1/3.0 MB | 122/316 kB | 118/123 kB | 155/168 kBProgress (4): 0.1/3.0 MB | 127/316 kB | 118/123 kB | 155/168 kBProgress (4): 0.1/3.0 MB | 131/316 kB | 118/123 kB | 155/168 kBProgress (4): 0.1/3.0 MB | 131/316 kB | 118/123 kB | 155/168 kBProgress (4): 0.1/3.0 MB | 131/316 kB | 118/123 kB | 155/168 kBProgress (4): 0.1/3.0 MB | 131/316 kB | 118/123 kB | 155/168 kBProgress (4): 0.1/3.0 MB | 131/316 kB | 122/123 kB | 155/168 kBProgress (5): 0.1/3.0 MB | 131/316 kB | 122/123 kB | 155/168 kB | 1.4/149 kBProgress (5): 0.1/3.0 MB | 131/316 kB | 122/123 kB | 155/168 kB | 1.4/149 kBProgress (5): 0.1/3.0 MB | 131/316 kB | 123 kB | 155/168 kB | 1.4/149 kB    Progress (5): 0.1/3.0 MB | 131/316 kB | 123 kB | 155/168 kB | 2.7/149 kBProgress (5): 0.1/3.0 MB | 135/316 kB | 123 kB | 155/168 kB | 2.7/149 kBProgress (5): 0.1/3.0 MB | 135/316 kB | 123 kB | 155/168 kB | 2.7/149 kBProgress (5): 0.1/3.0 MB | 139/316 kB | 123 kB | 155/168 kB | 2.7/149 kBProgress (5): 0.1/3.0 MB | 139/316 kB | 123 kB | 155/168 kB | 4.1/149 kBProgress (5): 0.1/3.0 MB | 139/316 kB | 123 kB | 155/168 kB | 4.1/149 kBProgress (5): 0.1/3.0 MB | 143/316 kB | 123 kB | 155/168 kB | 4.1/149 kBProgress (5): 0.1/3.0 MB | 143/316 kB | 123 kB | 155/168 kB | 5.5/149 kBProgress (5): 0.1/3.0 MB | 143/316 kB | 123 kB | 155/168 kB | 5.5/149 kBProgress (5): 0.1/3.0 MB | 148/316 kB | 123 kB | 155/168 kB | 5.5/149 kBProgress (5): 0.1/3.0 MB | 152/316 kB | 123 kB | 155/168 kB | 5.5/149 kBProgress (5): 0.2/3.0 MB | 152/316 kB | 123 kB | 155/168 kB | 5.5/149 kBProgress (5): 0.2/3.0 MB | 156/316 kB | 123 kB | 155/168 kB | 5.5/149 kBProgress (5): 0.2/3.0 MB | 156/316 kB | 123 kB | 155/168 kB | 5.5/149 kBProgress (5): 0.2/3.0 MB | 160/316 kB | 123 kB | 155/168 kB | 5.5/149 kBProgress (5): 0.2/3.0 MB | 160/316 kB | 123 kB | 155/168 kB | 5.5/149 kBProgress (5): 0.2/3.0 MB | 160/316 kB | 123 kB | 155/168 kB | 6.8/149 kBProgress (5): 0.2/3.0 MB | 160/316 kB | 123 kB | 155/168 kB | 8.2/149 kBProgress (5): 0.2/3.0 MB | 160/316 kB | 123 kB | 155/168 kB | 8.2/149 kBProgress (5): 0.2/3.0 MB | 160/316 kB | 123 kB | 155/168 kB | 9.6/149 kBProgress (5): 0.2/3.0 MB | 160/316 kB | 123 kB | 155/168 kB | 11/149 kB Progress (5): 0.2/3.0 MB | 160/316 kB | 123 kB | 155/168 kB | 12/149 kBProgress (5): 0.2/3.0 MB | 160/316 kB | 123 kB | 155/168 kB | 14/149 kBProgress (5): 0.2/3.0 MB | 160/316 kB | 123 kB | 155/168 kB | 15/149 kBProgress (5): 0.2/3.0 MB | 160/316 kB | 123 kB | 155/168 kB | 16/149 kBProgress (5): 0.2/3.0 MB | 160/316 kB | 123 kB | 155/168 kB | 18/149 kBProgress (5): 0.2/3.0 MB | 160/316 kB | 123 kB | 155/168 kB | 19/149 kBProgress (5): 0.2/3.0 MB | 160/316 kB | 123 kB | 155/168 kB | 21/149 kBProgress (5): 0.2/3.0 MB | 160/316 kB | 123 kB | 155/168 kB | 22/149 kBProgress (5): 0.2/3.0 MB | 160/316 kB | 123 kB | 155/168 kB | 23/149 kBProgress (5): 0.2/3.0 MB | 160/316 kB | 123 kB | 155/168 kB | 25/149 kBProgress (5): 0.2/3.0 MB | 160/316 kB | 123 kB | 155/168 kB | 26/149 kBProgress (5): 0.2/3.0 MB | 160/316 kB | 123 kB | 155/168 kB | 27/149 kBProgress (5): 0.2/3.0 MB | 160/316 kB | 123 kB | 155/168 kB | 29/149 kBProgress (5): 0.2/3.0 MB | 160/316 kB | 123 kB | 155/168 kB | 30/149 kBProgress (5): 0.2/3.0 MB | 160/316 kB | 123 kB | 155/168 kB | 31/149 kBProgress (5): 0.2/3.0 MB | 160/316 kB | 123 kB | 155/168 kB | 33/149 kBProgress (5): 0.2/3.0 MB | 160/316 kB | 123 kB | 155/168 kB | 34/149 kBProgress (5): 0.2/3.0 MB | 160/316 kB | 123 kB | 155/168 kB | 36/149 kBProgress (5): 0.2/3.0 MB | 160/316 kB | 123 kB | 155/168 kB | 37/149 kBProgress (5): 0.2/3.0 MB | 160/316 kB | 123 kB | 155/168 kB | 38/149 kBProgress (5): 0.2/3.0 MB | 160/316 kB | 123 kB | 155/168 kB | 40/149 kBProgress (5): 0.2/3.0 MB | 160/316 kB | 123 kB | 155/168 kB | 44/149 kBProgress (5): 0.2/3.0 MB | 160/316 kB | 123 kB | 155/168 kB | 48/149 kBProgress (5): 0.2/3.0 MB | 160/316 kB | 123 kB | 155/168 kB | 52/149 kBProgress (5): 0.2/3.0 MB | 160/316 kB | 123 kB | 155/168 kB | 57/149 kBProgress (5): 0.2/3.0 MB | 160/316 kB | 123 kB | 155/168 kB | 57/149 kBProgress (5): 0.2/3.0 MB | 160/316 kB | 123 kB | 155/168 kB | 62/149 kB                                                                       Downloaded from central: https://repo.maven.apache.org/maven2/org/apache/maven/surefire/surefire-booter/3.5.5/surefire-booter-3.5.5.jar (123 kB at 222 kB/s)
Downloading from central: https://repo.maven.apache.org/maven2/org/apache/maven/shared/maven-common-artifact-filters/3.4.0/maven-common-artifact-filters-3.4.0.jar
Progress (4): 0.2/3.0 MB | 160/316 kB | 155/168 kB | 66/149 kBProgress (4): 0.2/3.0 MB | 160/316 kB | 155/168 kB | 66/149 kBProgress (4): 0.2/3.0 MB | 165/316 kB | 155/168 kB | 66/149 kBProgress (4): 0.2/3.0 MB | 165/316 kB | 155/168 kB | 66/149 kBProgress (4): 0.2/3.0 MB | 165/316 kB | 155/168 kB | 70/149 kBProgress (4): 0.2/3.0 MB | 169/316 kB | 155/168 kB | 70/149 kBProgress (4): 0.2/3.0 MB | 169/316 kB | 168 kB | 70/149 kB    Progress (4): 0.2/3.0 MB | 169/316 kB | 168 kB | 70/149 kBProgress (4): 0.2/3.0 MB | 169/316 kB | 168 kB | 74/149 kBProgress (4): 0.2/3.0 MB | 173/316 kB | 168 kB | 74/149 kBProgress (4): 0.2/3.0 MB | 173/316 kB | 168 kB | 78/149 kBProgress (4): 0.2/3.0 MB | 173/316 kB | 168 kB | 78/149 kBProgress (4): 0.2/3.0 MB | 177/316 kB | 168 kB | 78/149 kBProgress (4): 0.2/3.0 MB | 177/316 kB | 168 kB | 78/149 kBProgress (4): 0.2/3.0 MB | 177/316 kB | 168 kB | 83/149 kBProgress (4): 0.2/3.0 MB | 177/316 kB | 168 kB | 83/149 kBProgress (4): 0.2/3.0 MB | 177/316 kB | 168 kB | 87/149 kBProgress (4): 0.2/3.0 MB | 181/316 kB | 168 kB | 87/149 kBProgress (4): 0.2/3.0 MB | 181/316 kB | 168 kB | 87/149 kBProgress (4): 0.2/3.0 MB | 181/316 kB | 168 kB | 91/149 kBProgress (4): 0.2/3.0 MB | 181/316 kB | 168 kB | 91/149 kBProgress (4): 0.2/3.0 MB | 186/316 kB | 168 kB | 91/149 kBProgress (4): 0.2/3.0 MB | 186/316 kB | 168 kB | 95/149 kBProgress (4): 0.2/3.0 MB | 190/316 kB | 168 kB | 95/149 kBProgress (4): 0.2/3.0 MB | 190/316 kB | 168 kB | 100/149 kBProgress (4): 0.2/3.0 MB | 194/316 kB | 168 kB | 100/149 kBProgress (4): 0.2/3.0 MB | 194/316 kB | 168 kB | 104/149 kBProgress (4): 0.2/3.0 MB | 194/316 kB | 168 kB | 108/149 kBProgress (4): 0.2/3.0 MB | 194/316 kB | 168 kB | 112/149 kBProgress (4): 0.2/3.0 MB | 194/316 kB | 168 kB | 117/149 kB                                                           Downloaded from central: https://repo.maven.apache.org/maven2/org/apache/maven/resolver/maven-resolver-util/1.4.1/maven-resolver-util-1.4.1.jar (168 kB at 249 kB/s)
Downloading from central: https://repo.maven.apache.org/maven2/org/codehaus/plexus/plexus-java/1.5.2/plexus-java-1.5.2.jar
Progress (3): 0.2/3.0 MB | 194/316 kB | 117/149 kBProgress (3): 0.2/3.0 MB | 194/316 kB | 121/149 kBProgress (3): 0.2/3.0 MB | 198/316 kB | 121/149 kBProgress (3): 0.2/3.0 MB | 198/316 kB | 121/149 kBProgress (3): 0.2/3.0 MB | 198/316 kB | 125/149 kBProgress (3): 0.2/3.0 MB | 198/316 kB | 125/149 kBProgress (3): 0.2/3.0 MB | 203/316 kB | 125/149 kBProgress (3): 0.2/3.0 MB | 203/316 kB | 129/149 kBProgress (3): 0.2/3.0 MB | 203/316 kB | 129/149 kBProgress (3): 0.2/3.0 MB | 207/316 kB | 129/149 kBProgress (3): 0.2/3.0 MB | 207/316 kB | 133/149 kBProgress (3): 0.2/3.0 MB | 207/316 kB | 133/149 kBProgress (3): 0.2/3.0 MB | 207/316 kB | 138/149 kBProgress (3): 0.2/3.0 MB | 211/316 kB | 138/149 kBProgress (3): 0.2/3.0 MB | 211/316 kB | 142/149 kBProgress (3): 0.2/3.0 MB | 215/316 kB | 142/149 kBProgress (3): 0.2/3.0 MB | 215/316 kB | 146/149 kBProgress (3): 0.2/3.0 MB | 219/316 kB | 146/149 kBProgress (3): 0.2/3.0 MB | 219/316 kB | 149 kB    Progress (3): 0.2/3.0 MB | 219/316 kB | 149 kBProgress (3): 0.2/3.0 MB | 224/316 kB | 149 kBProgress (3): 0.2/3.0 MB | 240/316 kB | 149 kBProgress (4): 0.2/3.0 MB | 240/316 kB | 149 kB | 3.8/58 kBProgress (4): 0.3/3.0 MB | 240/316 kB | 149 kB | 3.8/58 kBProgress (4): 0.3/3.0 MB | 240/316 kB | 149 kB | 8.0/58 kBProgress (4): 0.3/3.0 MB | 240/316 kB | 149 kB | 12/58 kB Progress (4): 0.3/3.0 MB | 240/316 kB | 149 kB | 12/58 kBProgress (4): 0.3/3.0 MB | 240/316 kB | 149 kB | 16/58 kBProgress (4): 0.3/3.0 MB | 256/316 kB | 149 kB | 16/58 kBProgress (4): 0.3/3.0 MB | 256/316 kB | 149 kB | 20/58 kBProgress (4): 0.3/3.0 MB | 256/316 kB | 149 kB | 24/58 kBProgress (4): 0.3/3.0 MB | 256/316 kB | 149 kB | 24/58 kBProgress (4): 0.3/3.0 MB | 256/316 kB | 149 kB | 28/58 kBProgress (4): 0.3/3.0 MB | 256/316 kB | 149 kB | 33/58 kBProgress (4): 0.3/3.0 MB | 256/316 kB | 149 kB | 37/58 kBProgress (4): 0.3/3.0 MB | 256/316 kB | 149 kB | 41/58 kBProgress (4): 0.3/3.0 MB | 256/316 kB | 149 kB | 45/58 kBProgress (4): 0.3/3.0 MB | 256/316 kB | 149 kB | 49/58 kBProgress (4): 0.3/3.0 MB | 256/316 kB | 149 kB | 54/58 kBProgress (4): 0.3/3.0 MB | 256/316 kB | 149 kB | 58/58 kBProgress (4): 0.3/3.0 MB | 256/316 kB | 149 kB | 58 kB                                                         Downloaded from central: https://repo.maven.apache.org/maven2/org/apache/maven/resolver/maven-resolver-api/1.4.1/maven-resolver-api-1.4.1.jar (149 kB at 203 kB/s)
Downloading from central: https://repo.maven.apache.org/maven2/org/ow2/asm/asm/9.9.1/asm-9.9.1.jar
Downloaded from central: https://repo.maven.apache.org/maven2/org/apache/maven/shared/maven-common-artifact-filters/3.4.0/maven-common-artifact-filters-3.4.0.jar (58 kB at 80 kB/s)
Progress (2): 0.3/3.0 MB | 256/316 kBProgress (2): 0.3/3.0 MB | 273/316 kBProgress (2): 0.3/3.0 MB | 274/316 kBProgress (2): 0.3/3.0 MB | 291/316 kBProgress (2): 0.3/3.0 MB | 291/316 kBProgress (2): 0.3/3.0 MB | 307/316 kBProgress (3): 0.3/3.0 MB | 307/316 kB | 7.4/57 kBProgress (3): 0.3/3.0 MB | 316 kB | 7.4/57 kB    Progress (3): 0.3/3.0 MB | 316 kB | 24/57 kB Progress (3): 0.3/3.0 MB | 316 kB | 24/57 kBProgress (3): 0.3/3.0 MB | 316 kB | 32/57 kBProgress (3): 0.3/3.0 MB | 316 kB | 32/57 kBProgress (3): 0.4/3.0 MB | 316 kB | 32/57 kB                                            Downloaded from central: https://repo.maven.apache.org/maven2/org/apache/maven/surefire/maven-surefire-common/3.5.5/maven-surefire-common-3.5.5.jar (316 kB at 401 kB/s)
Progress (2): 0.4/3.0 MB | 32/57 kBProgress (2): 0.4/3.0 MB | 48/57 kBProgress (2): 0.4/3.0 MB | 57 kB   Progress (2): 0.4/3.0 MB | 57 kBProgress (3): 0.4/3.0 MB | 57 kB | 3.8/126 kBProgress (3): 0.4/3.0 MB | 57 kB | 8.0/126 kBProgress (3): 0.4/3.0 MB | 57 kB | 8.0/126 kBProgress (3): 0.4/3.0 MB | 57 kB | 12/126 kB Progress (3): 0.4/3.0 MB | 57 kB | 12/126 kBProgress (3): 0.4/3.0 MB | 57 kB | 17/126 kBProgress (3): 0.4/3.0 MB | 57 kB | 21/126 kBProgress (3): 0.4/3.0 MB | 57 kB | 25/126 kBProgress (3): 0.4/3.0 MB | 57 kB | 29/126 kBProgress (3): 0.4/3.0 MB | 57 kB | 29/126 kBProgress (3): 0.4/3.0 MB | 57 kB | 46/126 kBProgress (3): 0.4/3.0 MB | 57 kB | 62/126 kBProgress (3): 0.4/3.0 MB | 57 kB | 62/126 kB                                            Downloaded from central: https://repo.maven.apache.org/maven2/org/codehaus/plexus/plexus-java/1.5.2/plexus-java-1.5.2.jar (57 kB at 68 kB/s)
Progress (2): 0.4/3.0 MB | 78/126 kBProgress (2): 0.5/3.0 MB | 78/126 kBProgress (2): 0.5/3.0 MB | 78/126 kBProgress (2): 0.5/3.0 MB | 95/126 kBProgress (2): 0.5/3.0 MB | 95/126 kBProgress (2): 0.5/3.0 MB | 111/126 kBProgress (2): 0.5/3.0 MB | 126 kB    Progress (2): 0.5/3.0 MB | 126 kBProgress (2): 0.5/3.0 MB | 126 kBProgress (2): 0.5/3.0 MB | 126 kBProgress (2): 0.6/3.0 MB | 126 kB                                 Downloaded from central: https://repo.maven.apache.org/maven2/org/ow2/asm/asm/9.9.1/asm-9.9.1.jar (126 kB at 137 kB/s)
Progress (1): 0.6/3.0 MBProgress (1): 0.6/3.0 MBProgress (1): 0.6/3.0 MBProgress (1): 0.6/3.0 MBProgress (1): 0.6/3.0 MBProgress (1): 0.7/3.0 MBProgress (1): 0.7/3.0 MBProgress (1): 0.7/3.0 MBProgress (1): 0.7/3.0 MBProgress (1): 0.7/3.0 MBProgress (1): 0.7/3.0 MBProgress (1): 0.8/3.0 MBProgress (1): 0.8/3.0 MBProgress (1): 0.8/3.0 MBProgress (1): 0.8/3.0 MBProgress (1): 0.8/3.0 MBProgress (1): 0.8/3.0 MBProgress (1): 0.9/3.0 MBProgress (1): 0.9/3.0 MBProgress (1): 0.9/3.0 MBProgress (1): 0.9/3.0 MBProgress (1): 0.9/3.0 MBProgress (1): 0.9/3.0 MBProgress (1): 1.0/3.0 MBProgress (1): 1.0/3.0 MBProgress (1): 1.0/3.0 MBProgress (1): 1.0/3.0 MBProgress (1): 1.0/3.0 MBProgress (1): 1.0/3.0 MBProgress (1): 1.0/3.0 MBProgress (1): 1.1/3.0 MBProgress (1): 1.1/3.0 MBProgress (1): 1.1/3.0 MBProgress (1): 1.1/3.0 MBProgress (1): 1.1/3.0 MBProgress (1): 1.1/3.0 MBProgress (1): 1.2/3.0 MBProgress (1): 1.2/3.0 MBProgress (1): 1.2/3.0 MBProgress (1): 1.2/3.0 MBProgress (1): 1.2/3.0 MBProgress (1): 1.2/3.0 MBProgress (1): 1.3/3.0 MBProgress (1): 1.3/3.0 MBProgress (1): 1.3/3.0 MBProgress (1): 1.3/3.0 MBProgress (1): 1.3/3.0 MBProgress (1): 1.3/3.0 MBProgress (1): 1.4/3.0 MBProgress (1): 1.4/3.0 MBProgress (1): 1.4/3.0 MBProgress (1): 1.4/3.0 MBProgress (1): 1.4/3.0 MBProgress (1): 1.4/3.0 MBProgress (1): 1.5/3.0 MBProgress (1): 1.5/3.0 MBProgress (1): 1.5/3.0 MBProgress (1): 1.5/3.0 MBProgress (1): 1.5/3.0 MBProgress (1): 1.5/3.0 MBProgress (1): 1.6/3.0 MBProgress (1): 1.6/3.0 MBProgress (1): 1.6/3.0 MBProgress (1): 1.6/3.0 MBProgress (1): 1.6/3.0 MBProgress (1): 1.6/3.0 MBProgress (1): 1.7/3.0 MBProgress (1): 1.7/3.0 MBProgress (1): 1.7/3.0 MBProgress (1): 1.7/3.0 MBProgress (1): 1.7/3.0 MBProgress (1): 1.7/3.0 MBProgress (1): 1.8/3.0 MBProgress (1): 1.8/3.0 MBProgress (1): 1.8/3.0 MBProgress (1): 1.8/3.0 MBProgress (1): 1.8/3.0 MBProgress (1): 1.8/3.0 MBProgress (1): 1.9/3.0 MBProgress (1): 1.9/3.0 MBProgress (1): 1.9/3.0 MBProgress (1): 1.9/3.0 MBProgress (1): 1.9/3.0 MBProgress (1): 1.9/3.0 MBProgress (1): 1.9/3.0 MBProgress (1): 2.0/3.0 MBProgress (1): 2.0/3.0 MBProgress (1): 2.0/3.0 MBProgress (1): 2.0/3.0 MBProgress (1): 2.0/3.0 MBProgress (1): 2.0/3.0 MBProgress (1): 2.1/3.0 MBProgress (1): 2.1/3.0 MBProgress (1): 2.1/3.0 MBProgress (1): 2.1/3.0 MBProgress (1): 2.1/3.0 MBProgress (1): 2.1/3.0 MBProgress (1): 2.2/3.0 MBProgress (1): 2.2/3.0 MBProgress (1): 2.2/3.0 MBProgress (1): 2.2/3.0 MBProgress (1): 2.2/3.0 MBProgress (1): 2.2/3.0 MBProgress (1): 2.3/3.0 MBProgress (1): 2.3/3.0 MBProgress (1): 2.3/3.0 MBProgress (1): 2.3/3.0 MBProgress (1): 2.3/3.0 MBProgress (1): 2.3/3.0 MBProgress (1): 2.4/3.0 MBProgress (1): 2.4/3.0 MBProgress (1): 2.4/3.0 MBProgress (1): 2.4/3.0 MBProgress (1): 2.4/3.0 MBProgress (1): 2.4/3.0 MBProgress (1): 2.5/3.0 MBProgress (1): 2.5/3.0 MBProgress (1): 2.5/3.0 MBProgress (1): 2.5/3.0 MBProgress (1): 2.5/3.0 MBProgress (1): 2.5/3.0 MBProgress (1): 2.6/3.0 MBProgress (1): 2.6/3.0 MBProgress (1): 2.6/3.0 MBProgress (1): 2.6/3.0 MBProgress (1): 2.6/3.0 MBProgress (1): 2.6/3.0 MBProgress (1): 2.7/3.0 MBProgress (1): 2.7/3.0 MBProgress (1): 2.7/3.0 MBProgress (1): 2.7/3.0 MBProgress (1): 2.7/3.0 MBProgress (1): 2.7/3.0 MBProgress (1): 2.8/3.0 MBProgress (1): 2.8/3.0 MBProgress (1): 2.8/3.0 MBProgress (1): 2.8/3.0 MBProgress (1): 2.8/3.0 MBProgress (1): 2.8/3.0 MBProgress (1): 2.9/3.0 MBProgress (1): 2.9/3.0 MBProgress (1): 2.9/3.0 MBProgress (1): 2.9/3.0 MBProgress (1): 2.9/3.0 MBProgress (1): 2.9/3.0 MBProgress (1): 2.9/3.0 MBProgress (1): 3.0/3.0 MBProgress (1): 3.0 MB                        Downloaded from central: https://repo.maven.apache.org/maven2/org/apache/maven/surefire/surefire-shared-utils/3.5.5/surefire-shared-utils-3.5.5.jar (3.0 MB at 1.1 MB/s)
[INFO] Tests are skipped.
[INFO] 
[INFO] --- jar:3.4.2:jar (default-jar) @ identity-verification ---
[WARNING] JAR will be empty - no content was marked for inclusion!
[INFO] Building jar: d:\NANI\identity-verification\target\identity-verification-0.0.1-SNAPSHOT.jar
[INFO] 
[INFO] --- spring-boot:3.5.12:repackage (repackage) @ identity-verification ---
Downloading from central: https://repo.maven.apache.org/maven2/org/springframework/boot/spring-boot-buildpack-platform/3.5.12/spring-boot-buildpack-platform-3.5.12.pom
Progress (1): 969 BProgress (1): 3.2 kB                    Downloaded from central: https://repo.maven.apache.org/maven2/org/springframework/boot/spring-boot-buildpack-platform/3.5.12/spring-boot-buildpack-platform-3.5.12.pom (3.2 kB at 21 kB/s)
Downloading from central: https://repo.maven.apache.org/maven2/net/java/dev/jna/jna-platform/5.17.0/jna-platform-5.17.0.pom
Progress (1): 1.3 kBProgress (1): 2.3 kB                    Downloaded from central: https://repo.maven.apache.org/maven2/net/java/dev/jna/jna-platform/5.17.0/jna-platform-5.17.0.pom (2.3 kB at 27 kB/s)
Downloading from central: https://repo.maven.apache.org/maven2/net/java/dev/jna/jna/5.17.0/jna-5.17.0.pom
Progress (1): 1.4 kBProgress (1): 2.0 kB                    Downloaded from central: https://repo.maven.apache.org/maven2/net/java/dev/jna/jna/5.17.0/jna-5.17.0.pom (2.0 kB at 8.6 kB/s)
Downloading from central: https://repo.maven.apache.org/maven2/org/apache/commons/commons-compress/1.27.1/commons-compress-1.27.1.pom
Progress (1): 749 BProgress (1): 1.9 kBProgress (1): 3.8 kBProgress (1): 5.3 kBProgress (1): 9.2 kBProgress (1): 12 kB Progress (1): 15 kBProgress (1): 18 kBProgress (1): 21 kBProgress (1): 23 kB                   Downloaded from central: https://repo.maven.apache.org/maven2/org/apache/commons/commons-compress/1.27.1/commons-compress-1.27.1.pom (23 kB at 141 kB/s)
Downloading from central: https://repo.maven.apache.org/maven2/org/apache/commons/commons-parent/72/commons-parent-72.pom
Progress (1): 705 BProgress (1): 1.9 kBProgress (1): 3.2 kBProgress (1): 4.7 kBProgress (1): 6.8 kBProgress (1): 8.4 kBProgress (1): 11 kB Progress (1): 13 kBProgress (1): 15 kBProgress (1): 17 kBProgress (1): 20 kBProgress (1): 22 kBProgress (1): 25 kBProgress (1): 28 kBProgress (1): 32 kBProgress (1): 32 kBProgress (1): 36 kBProgress (1): 40 kBProgress (1): 44 kBProgress (1): 46 kBProgress (1): 49 kBProgress (1): 51 kBProgress (1): 55 kBProgress (1): 57 kBProgress (1): 60 kBProgress (1): 63 kBProgress (1): 67 kBProgress (1): 70 kBProgress (1): 73 kBProgress (1): 75 kBProgress (1): 78 kB                   Downloaded from central: https://repo.maven.apache.org/maven2/org/apache/commons/commons-parent/72/commons-parent-72.pom (78 kB at 388 kB/s)
Downloading from central: https://repo.maven.apache.org/maven2/org/junit/junit-bom/5.11.0-M2/junit-bom-5.11.0-M2.pom
Progress (1): 908 BProgress (1): 4.1 kBProgress (1): 5.7 kB                    Downloaded from central: https://repo.maven.apache.org/maven2/org/junit/junit-bom/5.11.0-M2/junit-bom-5.11.0-M2.pom (5.7 kB at 40 kB/s)
Downloading from central: https://repo.maven.apache.org/maven2/commons-codec/commons-codec/1.17.1/commons-codec-1.17.1.pom
Progress (1): 744 BProgress (1): 1.9 kBProgress (1): 4.1 kBProgress (1): 5.9 kBProgress (1): 8.4 kBProgress (1): 12 kB Progress (1): 14 kBProgress (1): 17 kBProgress (1): 18 kB                   Downloaded from central: https://repo.maven.apache.org/maven2/commons-codec/commons-codec/1.17.1/commons-codec-1.17.1.pom (18 kB at 100 kB/s)
Downloading from central: https://repo.maven.apache.org/maven2/org/apache/commons/commons-parent/71/commons-parent-71.pom
Progress (1): 708 BProgress (1): 1.9 kBProgress (1): 3.2 kBProgress (1): 4.6 kBProgress (1): 6.8 kBProgress (1): 8.4 kBProgress (1): 11 kB Progress (1): 13 kBProgress (1): 15 kBProgress (1): 17 kBProgress (1): 20 kBProgress (1): 22 kBProgress (1): 25 kBProgress (1): 28 kBProgress (1): 32 kBProgress (1): 32 kBProgress (1): 35 kBProgress (1): 40 kBProgress (1): 43 kBProgress (1): 45 kBProgress (1): 49 kBProgress (1): 51 kBProgress (1): 55 kBProgress (1): 57 kBProgress (1): 60 kBProgress (1): 63 kBProgress (1): 67 kBProgress (1): 70 kBProgress (1): 73 kBProgress (1): 75 kBProgress (1): 78 kB                   Downloaded from central: https://repo.maven.apache.org/maven2/org/apache/commons/commons-parent/71/commons-parent-71.pom (78 kB at 589 kB/s)
Downloading from central: https://repo.maven.apache.org/maven2/org/apache/commons/commons-lang3/3.16.0/commons-lang3-3.16.0.pom
Progress (1): 744 BProgress (1): 1.8 kBProgress (1): 4.1 kBProgress (1): 5.7 kBProgress (1): 7.5 kBProgress (1): 10.0 kBProgress (1): 13 kB  Progress (1): 17 kBProgress (1): 20 kBProgress (1): 22 kBProgress (1): 26 kBProgress (1): 29 kBProgress (1): 31 kB                   Downloaded from central: https://repo.maven.apache.org/maven2/org/apache/commons/commons-lang3/3.16.0/commons-lang3-3.16.0.pom (31 kB at 208 kB/s)
Downloading from central: https://repo.maven.apache.org/maven2/org/apache/httpcomponents/client5/httpclient5/5.5.2/httpclient5-5.5.2.pom
Progress (1): 867 BProgress (1): 3.2 kBProgress (1): 5.6 kBProgress (1): 6.1 kB                    Downloaded from central: https://repo.maven.apache.org/maven2/org/apache/httpcomponents/client5/httpclient5/5.5.2/httpclient5-5.5.2.pom (6.1 kB at 31 kB/s)
Downloading from central: https://repo.maven.apache.org/maven2/org/apache/httpcomponents/client5/httpclient5-parent/5.5.2/httpclient5-parent-5.5.2.pom
Progress (1): 837 BProgress (1): 2.2 kBProgress (1): 3.9 kBProgress (1): 8.4 kBProgress (1): 12 kB Progress (1): 15 kBProgress (1): 17 kB                   Downloaded from central: https://repo.maven.apache.org/maven2/org/apache/httpcomponents/client5/httpclient5-parent/5.5.2/httpclient5-parent-5.5.2.pom (17 kB at 253 kB/s)
Downloading from central: https://repo.maven.apache.org/maven2/org/apache/httpcomponents/httpcomponents-parent/14/httpcomponents-parent-14.pom
Progress (1): 805 BProgress (1): 2.2 kBProgress (1): 4.0 kBProgress (1): 5.9 kBProgress (1): 7.1 kBProgress (1): 8.5 kBProgress (1): 13 kB Progress (1): 16 kBProgress (1): 18 kBProgress (1): 22 kBProgress (1): 24 kBProgress (1): 27 kBProgress (1): 30 kBProgress (1): 30 kB                   Downloaded from central: https://repo.maven.apache.org/maven2/org/apache/httpcomponents/httpcomponents-parent/14/httpcomponents-parent-14.pom (30 kB at 158 kB/s)
Downloading from central: https://repo.maven.apache.org/maven2/org/apache/apache/27/apache-27.pom
Progress (1): 745 BProgress (1): 2.1 kBProgress (1): 3.9 kBProgress (1): 7.3 kBProgress (1): 12 kB Progress (1): 16 kBProgress (1): 19 kBProgress (1): 20 kB                   Downloaded from central: https://repo.maven.apache.org/maven2/org/apache/apache/27/apache-27.pom (20 kB at 264 kB/s)
Downloading from central: https://repo.maven.apache.org/maven2/org/junit/junit-bom/5.13.3/junit-bom-5.13.3.pom
Progress (1): 908 BProgress (1): 4.1 kBProgress (1): 5.7 kB                    Downloaded from central: https://repo.maven.apache.org/maven2/org/junit/junit-bom/5.13.3/junit-bom-5.13.3.pom (5.7 kB at 91 kB/s)
Downloading from central: https://repo.maven.apache.org/maven2/org/apache/httpcomponents/core5/httpcore5/5.3.6/httpcore5-5.3.6.pom
Progress (1): 883 BProgress (1): 2.9 kBProgress (1): 3.9 kB                    Downloaded from central: https://repo.maven.apache.org/maven2/org/apache/httpcomponents/core5/httpcore5/5.3.6/httpcore5-5.3.6.pom (3.9 kB at 63 kB/s)
Downloading from central: https://repo.maven.apache.org/maven2/org/apache/httpcomponents/core5/httpcore5-parent/5.3.6/httpcore5-parent-5.3.6.pom
Progress (1): 846 BProgress (1): 2.2 kBProgress (1): 3.9 kBProgress (1): 7.5 kBProgress (1): 10 kB Progress (1): 14 kB                   Downloaded from central: https://repo.maven.apache.org/maven2/org/apache/httpcomponents/core5/httpcore5-parent/5.3.6/httpcore5-parent-5.3.6.pom (14 kB at 35 kB/s)
Downloading from central: https://repo.maven.apache.org/maven2/org/apache/httpcomponents/httpcomponents-parent/13/httpcomponents-parent-13.pom
Progress (1): 805 BProgress (1): 2.1 kBProgress (1): 4.1 kBProgress (1): 5.9 kBProgress (1): 7.1 kBProgress (1): 8.5 kBProgress (1): 12 kB Progress (1): 16 kBProgress (1): 18 kBProgress (1): 22 kBProgress (1): 24 kBProgress (1): 27 kBProgress (1): 30 kBProgress (1): 30 kB                   Downloaded from central: https://repo.maven.apache.org/maven2/org/apache/httpcomponents/httpcomponents-parent/13/httpcomponents-parent-13.pom (30 kB at 143 kB/s)
Downloading from central: https://repo.maven.apache.org/maven2/org/apache/httpcomponents/core5/httpcore5-h2/5.3.6/httpcore5-h2-5.3.6.pom
Progress (1): 889 BProgress (1): 3.1 kBProgress (1): 3.6 kB                    Downloaded from central: https://repo.maven.apache.org/maven2/org/apache/httpcomponents/core5/httpcore5-h2/5.3.6/httpcore5-h2-5.3.6.pom (3.6 kB at 21 kB/s)
Downloading from central: https://repo.maven.apache.org/maven2/org/tomlj/tomlj/1.0.0/tomlj-1.0.0.pom
Progress (1): 1.2 kBProgress (1): 2.8 kB                    Downloaded from central: https://repo.maven.apache.org/maven2/org/tomlj/tomlj/1.0.0/tomlj-1.0.0.pom (2.8 kB at 15 kB/s)
Downloading from central: https://repo.maven.apache.org/maven2/org/antlr/antlr4-runtime/4.7.2/antlr4-runtime-4.7.2.pom
Progress (1): 915 BProgress (1): 3.3 kBProgress (1): 3.6 kB                    Downloaded from central: https://repo.maven.apache.org/maven2/org/antlr/antlr4-runtime/4.7.2/antlr4-runtime-4.7.2.pom (3.6 kB at 20 kB/s)
Downloading from central: https://repo.maven.apache.org/maven2/org/antlr/antlr4-master/4.7.2/antlr4-master-4.7.2.pom
Progress (1): 1.0 kBProgress (1): 2.9 kBProgress (1): 4.4 kB                    Downloaded from central: https://repo.maven.apache.org/maven2/org/antlr/antlr4-master/4.7.2/antlr4-master-4.7.2.pom (4.4 kB at 86 kB/s)
Downloading from central: https://repo.maven.apache.org/maven2/com/google/code/findbugs/jsr305/3.0.2/jsr305-3.0.2.pom
Progress (1): 1.1 kBProgress (1): 3.7 kBProgress (1): 4.3 kB                    Downloaded from central: https://repo.maven.apache.org/maven2/com/google/code/findbugs/jsr305/3.0.2/jsr305-3.0.2.pom (4.3 kB at 22 kB/s)
Downloading from central: https://repo.maven.apache.org/maven2/org/springframework/boot/spring-boot-loader-tools/3.5.12/spring-boot-loader-tools-3.5.12.pom
Progress (1): 1.0 kBProgress (1): 2.2 kB                    Downloaded from central: https://repo.maven.apache.org/maven2/org/springframework/boot/spring-boot-loader-tools/3.5.12/spring-boot-loader-tools-3.5.12.pom (2.2 kB at 36 kB/s)
Downloading from central: https://repo.maven.apache.org/maven2/org/apache/maven/plugins/maven-shade-plugin/3.6.0/maven-shade-plugin-3.6.0.pom
Progress (1): 773 BProgress (1): 2.3 kBProgress (1): 4.9 kBProgress (1): 8.0 kBProgress (1): 11 kB Progress (1): 12 kB                   Downloaded from central: https://repo.maven.apache.org/maven2/org/apache/maven/plugins/maven-shade-plugin/3.6.0/maven-shade-plugin-3.6.0.pom (12 kB at 68 kB/s)
Downloading from central: https://repo.maven.apache.org/maven2/org/ow2/asm/asm/9.7/asm-9.7.pom
Progress (1): 1.3 kBProgress (1): 2.4 kB                    Downloaded from central: https://repo.maven.apache.org/maven2/org/ow2/asm/asm/9.7/asm-9.7.pom (2.4 kB at 12 kB/s)
Downloading from central: https://repo.maven.apache.org/maven2/org/ow2/asm/asm-commons/9.7/asm-commons-9.7.pom
Progress (1): 1.1 kBProgress (1): 2.8 kB                    Downloaded from central: https://repo.maven.apache.org/maven2/org/ow2/asm/asm-commons/9.7/asm-commons-9.7.pom (2.8 kB at 37 kB/s)
Downloading from central: https://repo.maven.apache.org/maven2/org/ow2/asm/asm-tree/9.7/asm-tree-9.7.pom
Progress (1): 1.1 kBProgress (1): 2.6 kB                    Downloaded from central: https://repo.maven.apache.org/maven2/org/ow2/asm/asm-tree/9.7/asm-tree-9.7.pom (2.6 kB at 33 kB/s)
Downloading from central: https://repo.maven.apache.org/maven2/org/jdom/jdom2/2.0.6.1/jdom2-2.0.6.1.pom
Progress (1): 956 BProgress (1): 2.2 kBProgress (1): 3.2 kBProgress (1): 4.6 kB                    Downloaded from central: https://repo.maven.apache.org/maven2/org/jdom/jdom2/2.0.6.1/jdom2-2.0.6.1.pom (4.6 kB at 23 kB/s)
Downloading from central: https://repo.maven.apache.org/maven2/org/apache/commons/commons-compress/1.26.2/commons-compress-1.26.2.pom
Progress (1): 758 BProgress (1): 1.9 kBProgress (1): 3.7 kBProgress (1): 5.4 kBProgress (1): 9.3 kBProgress (1): 12 kB Progress (1): 15 kBProgress (1): 18 kBProgress (1): 21 kBProgress (1): 23 kB                   Downloaded from central: https://repo.maven.apache.org/maven2/org/apache/commons/commons-compress/1.26.2/commons-compress-1.26.2.pom (23 kB at 319 kB/s)
Downloading from central: https://repo.maven.apache.org/maven2/commons-codec/commons-codec/1.17.0/commons-codec-1.17.0.pom
Progress (1): 745 BProgress (1): 1.9 kBProgress (1): 4.0 kBProgress (1): 5.8 kBProgress (1): 8.4 kBProgress (1): 11 kB Progress (1): 14 kBProgress (1): 17 kBProgress (1): 18 kB                   Downloaded from central: https://repo.maven.apache.org/maven2/commons-codec/commons-codec/1.17.0/commons-codec-1.17.0.pom (18 kB at 167 kB/s)
Downloading from central: https://repo.maven.apache.org/maven2/org/vafer/jdependency/2.10/jdependency-2.10.pom
Progress (1): 1.1 kBProgress (1): 4.9 kBProgress (1): 8.5 kBProgress (1): 12 kB Progress (1): 14 kB                   Downloaded from central: https://repo.maven.apache.org/maven2/org/vafer/jdependency/2.10/jdependency-2.10.pom (14 kB at 209 kB/s)
Downloading from central: https://repo.maven.apache.org/maven2/org/springframework/boot/spring-boot-buildpack-platform/3.5.12/spring-boot-buildpack-platform-3.5.12.jar
Progress (1): 4.1/323 kBProgress (1): 20/323 kB Progress (1): 29/323 kBProgress (1): 45/323 kBProgress (1): 61/323 kBProgress (1): 78/323 kBProgress (1): 94/323 kBProgress (1): 111/323 kBProgress (1): 127/323 kBProgress (1): 143/323 kBProgress (1): 160/323 kBProgress (1): 176/323 kBProgress (1): 193/323 kBProgress (1): 209/323 kBProgress (1): 225/323 kBProgress (1): 242/323 kBProgress (1): 258/323 kBProgress (1): 274/323 kBProgress (1): 291/323 kBProgress (1): 307/323 kBProgress (1): 323 kB                        Downloaded from central: https://repo.maven.apache.org/maven2/org/springframework/boot/spring-boot-buildpack-platform/3.5.12/spring-boot-buildpack-platform-3.5.12.jar (323 kB at 1.3 MB/s)
Downloading from central: https://repo.maven.apache.org/maven2/net/java/dev/jna/jna-platform/5.17.0/jna-platform-5.17.0.jar
Downloading from central: https://repo.maven.apache.org/maven2/net/java/dev/jna/jna/5.17.0/jna-5.17.0.jar
Downloading from central: https://repo.maven.apache.org/maven2/org/apache/commons/commons-compress/1.27.1/commons-compress-1.27.1.jar
Downloading from central: https://repo.maven.apache.org/maven2/commons-codec/commons-codec/1.17.1/commons-codec-1.17.1.jar
Downloading from central: https://repo.maven.apache.org/maven2/org/apache/commons/commons-lang3/3.16.0/commons-lang3-3.16.0.jar
Progress (1): 3.8/674 kBProgress (2): 3.8/674 kB | 7.7/373 kBProgress (2): 8.0/674 kB | 7.7/373 kBProgress (2): 8.0/674 kB | 16/373 kB Progress (2): 12/674 kB | 16/373 kB Progress (2): 12/674 kB | 32/373 kBProgress (2): 16/674 kB | 32/373 kBProgress (2): 21/674 kB | 32/373 kBProgress (3): 21/674 kB | 32/373 kB | 0/1.4 MBProgress (3): 21/674 kB | 48/373 kB | 0/1.4 MBProgress (3): 25/674 kB | 48/373 kB | 0/1.4 MBProgress (4): 25/674 kB | 48/373 kB | 0/1.4 MB | 0/2.0 MBProgress (4): 25/674 kB | 48/373 kB | 0/1.4 MB | 0/2.0 MBProgress (4): 29/674 kB | 48/373 kB | 0/1.4 MB | 0/2.0 MBProgress (5): 29/674 kB | 48/373 kB | 0/1.4 MB | 0/2.0 MB | 0/1.1 MBProgress (5): 29/674 kB | 48/373 kB | 0/1.4 MB | 0/2.0 MB | 0/1.1 MBProgress (5): 29/674 kB | 48/373 kB | 0/1.4 MB | 0/2.0 MB | 0/1.1 MBProgress (5): 33/674 kB | 48/373 kB | 0/1.4 MB | 0/2.0 MB | 0/1.1 MBProgress (5): 33/674 kB | 65/373 kB | 0/1.4 MB | 0/2.0 MB | 0/1.1 MBProgress (5): 38/674 kB | 65/373 kB | 0/1.4 MB | 0/2.0 MB | 0/1.1 MBProgress (5): 42/674 kB | 65/373 kB | 0/1.4 MB | 0/2.0 MB | 0/1.1 MBProgress (5): 46/674 kB | 65/373 kB | 0/1.4 MB | 0/2.0 MB | 0/1.1 MBProgress (5): 46/674 kB | 65/373 kB | 0/1.4 MB | 0/2.0 MB | 0/1.1 MBProgress (5): 46/674 kB | 65/373 kB | 0/1.4 MB | 0/2.0 MB | 0/1.1 MBProgress (5): 46/674 kB | 65/373 kB | 0/1.4 MB | 0/2.0 MB | 0/1.1 MBProgress (5): 46/674 kB | 81/373 kB | 0/1.4 MB | 0/2.0 MB | 0/1.1 MBProgress (5): 50/674 kB | 81/373 kB | 0/1.4 MB | 0/2.0 MB | 0/1.1 MBProgress (5): 54/674 kB | 81/373 kB | 0/1.4 MB | 0/2.0 MB | 0/1.1 MBProgress (5): 54/674 kB | 81/373 kB | 0/1.4 MB | 0/2.0 MB | 0/1.1 MBProgress (5): 54/674 kB | 81/373 kB | 0/1.4 MB | 0/2.0 MB | 0/1.1 MBProgress (5): 54/674 kB | 81/373 kB | 0/1.4 MB | 0/2.0 MB | 0/1.1 MBProgress (5): 54/674 kB | 98/373 kB | 0/1.4 MB | 0/2.0 MB | 0/1.1 MBProgress (5): 54/674 kB | 98/373 kB | 0/1.4 MB | 0/2.0 MB | 0.1/1.1 MBProgress (5): 54/674 kB | 98/373 kB | 0.1/1.4 MB | 0/2.0 MB | 0.1/1.1 MBProgress (5): 71/674 kB | 98/373 kB | 0.1/1.4 MB | 0/2.0 MB | 0.1/1.1 MBProgress (5): 71/674 kB | 114/373 kB | 0.1/1.4 MB | 0/2.0 MB | 0.1/1.1 MBProgress (5): 71/674 kB | 114/373 kB | 0.1/1.4 MB | 0/2.0 MB | 0.1/1.1 MBProgress (5): 87/674 kB | 114/373 kB | 0.1/1.4 MB | 0/2.0 MB | 0.1/1.1 MBProgress (5): 87/674 kB | 130/373 kB | 0.1/1.4 MB | 0/2.0 MB | 0.1/1.1 MBProgress (5): 104/674 kB | 130/373 kB | 0.1/1.4 MB | 0/2.0 MB | 0.1/1.1 MBProgress (5): 104/674 kB | 147/373 kB | 0.1/1.4 MB | 0/2.0 MB | 0.1/1.1 MBProgress (5): 120/674 kB | 147/373 kB | 0.1/1.4 MB | 0/2.0 MB | 0.1/1.1 MBProgress (5): 120/674 kB | 163/373 kB | 0.1/1.4 MB | 0/2.0 MB | 0.1/1.1 MBProgress (5): 130/674 kB | 163/373 kB | 0.1/1.4 MB | 0/2.0 MB | 0.1/1.1 MBProgress (5): 130/674 kB | 163/373 kB | 0.1/1.4 MB | 0.1/2.0 MB | 0.1/1.1 MBProgress (5): 130/674 kB | 179/373 kB | 0.1/1.4 MB | 0.1/2.0 MB | 0.1/1.1 MBProgress (5): 130/674 kB | 179/373 kB | 0.1/1.4 MB | 0.1/2.0 MB | 0.1/1.1 MBProgress (5): 130/674 kB | 196/373 kB | 0.1/1.4 MB | 0.1/2.0 MB | 0.1/1.1 MBProgress (5): 130/674 kB | 212/373 kB | 0.1/1.4 MB | 0.1/2.0 MB | 0.1/1.1 MBProgress (5): 147/674 kB | 212/373 kB | 0.1/1.4 MB | 0.1/2.0 MB | 0.1/1.1 MBProgress (5): 147/674 kB | 212/373 kB | 0.1/1.4 MB | 0.1/2.0 MB | 0.1/1.1 MBProgress (5): 147/674 kB | 229/373 kB | 0.1/1.4 MB | 0.1/2.0 MB | 0.1/1.1 MBProgress (5): 147/674 kB | 229/373 kB | 0.1/1.4 MB | 0.1/2.0 MB | 0.1/1.1 MBProgress (5): 147/674 kB | 229/373 kB | 0.1/1.4 MB | 0.1/2.0 MB | 0.1/1.1 MBProgress (5): 163/674 kB | 229/373 kB | 0.1/1.4 MB | 0.1/2.0 MB | 0.1/1.1 MBProgress (5): 163/674 kB | 229/373 kB | 0.1/1.4 MB | 0.1/2.0 MB | 0.1/1.1 MBProgress (5): 163/674 kB | 229/373 kB | 0.1/1.4 MB | 0.1/2.0 MB | 0.1/1.1 MBProgress (5): 179/674 kB | 229/373 kB | 0.1/1.4 MB | 0.1/2.0 MB | 0.1/1.1 MBProgress (5): 179/674 kB | 229/373 kB | 0.1/1.4 MB | 0.1/2.0 MB | 0.1/1.1 MBProgress (5): 179/674 kB | 229/373 kB | 0.1/1.4 MB | 0.1/2.0 MB | 0.1/1.1 MBProgress (5): 196/674 kB | 229/373 kB | 0.1/1.4 MB | 0.1/2.0 MB | 0.1/1.1 MBProgress (5): 196/674 kB | 245/373 kB | 0.1/1.4 MB | 0.1/2.0 MB | 0.1/1.1 MBProgress (5): 196/674 kB | 245/373 kB | 0.1/1.4 MB | 0.1/2.0 MB | 0.1/1.1 MBProgress (5): 196/674 kB | 261/373 kB | 0.1/1.4 MB | 0.1/2.0 MB | 0.1/1.1 MBProgress (5): 196/674 kB | 261/373 kB | 0.1/1.4 MB | 0.1/2.0 MB | 0.1/1.1 MBProgress (5): 196/674 kB | 261/373 kB | 0.1/1.4 MB | 0.1/2.0 MB | 0.1/1.1 MBProgress (5): 196/674 kB | 278/373 kB | 0.1/1.4 MB | 0.1/2.0 MB | 0.1/1.1 MBProgress (5): 196/674 kB | 278/373 kB | 0.1/1.4 MB | 0.1/2.0 MB | 0.2/1.1 MBProgress (5): 212/674 kB | 278/373 kB | 0.1/1.4 MB | 0.1/2.0 MB | 0.2/1.1 MBProgress (5): 212/674 kB | 278/373 kB | 0.1/1.4 MB | 0.1/2.0 MB | 0.2/1.1 MBProgress (5): 229/674 kB | 278/373 kB | 0.1/1.4 MB | 0.1/2.0 MB | 0.2/1.1 MBProgress (5): 245/674 kB | 278/373 kB | 0.1/1.4 MB | 0.1/2.0 MB | 0.2/1.1 MBProgress (5): 245/674 kB | 294/373 kB | 0.1/1.4 MB | 0.1/2.0 MB | 0.2/1.1 MBProgress (5): 245/674 kB | 294/373 kB | 0.1/1.4 MB | 0.1/2.0 MB | 0.2/1.1 MBProgress (5): 261/674 kB | 294/373 kB | 0.1/1.4 MB | 0.1/2.0 MB | 0.2/1.1 MBProgress (5): 261/674 kB | 294/373 kB | 0.1/1.4 MB | 0.1/2.0 MB | 0.2/1.1 MBProgress (5): 278/674 kB | 294/373 kB | 0.1/1.4 MB | 0.1/2.0 MB | 0.2/1.1 MBProgress (5): 278/674 kB | 294/373 kB | 0.1/1.4 MB | 0.1/2.0 MB | 0.2/1.1 MBProgress (5): 278/674 kB | 311/373 kB | 0.1/1.4 MB | 0.1/2.0 MB | 0.2/1.1 MBProgress (5): 278/674 kB | 311/373 kB | 0.1/1.4 MB | 0.1/2.0 MB | 0.2/1.1 MBProgress (5): 294/674 kB | 311/373 kB | 0.1/1.4 MB | 0.1/2.0 MB | 0.2/1.1 MBProgress (5): 294/674 kB | 311/373 kB | 0.1/1.4 MB | 0.1/2.0 MB | 0.2/1.1 MBProgress (5): 294/674 kB | 327/373 kB | 0.1/1.4 MB | 0.1/2.0 MB | 0.2/1.1 MBProgress (5): 311/674 kB | 327/373 kB | 0.1/1.4 MB | 0.1/2.0 MB | 0.2/1.1 MBProgress (5): 311/674 kB | 327/373 kB | 0.1/1.4 MB | 0.1/2.0 MB | 0.3/1.1 MBProgress (5): 311/674 kB | 327/373 kB | 0.1/1.4 MB | 0.1/2.0 MB | 0.3/1.1 MBProgress (5): 327/674 kB | 327/373 kB | 0.1/1.4 MB | 0.1/2.0 MB | 0.3/1.1 MBProgress (5): 327/674 kB | 343/373 kB | 0.1/1.4 MB | 0.1/2.0 MB | 0.3/1.1 MBProgress (5): 327/674 kB | 343/373 kB | 0.1/1.4 MB | 0.1/2.0 MB | 0.3/1.1 MBProgress (5): 327/674 kB | 360/373 kB | 0.1/1.4 MB | 0.1/2.0 MB | 0.3/1.1 MBProgress (5): 327/674 kB | 360/373 kB | 0.2/1.4 MB | 0.1/2.0 MB | 0.3/1.1 MBProgress (5): 327/674 kB | 373 kB | 0.2/1.4 MB | 0.1/2.0 MB | 0.3/1.1 MB    Progress (5): 327/674 kB | 373 kB | 0.2/1.4 MB | 0.1/2.0 MB | 0.3/1.1 MBProgress (5): 327/674 kB | 373 kB | 0.2/1.4 MB | 0.1/2.0 MB | 0.3/1.1 MBProgress (5): 343/674 kB | 373 kB | 0.2/1.4 MB | 0.1/2.0 MB | 0.3/1.1 MBProgress (5): 343/674 kB | 373 kB | 0.2/1.4 MB | 0.2/2.0 MB | 0.3/1.1 MBProgress (5): 343/674 kB | 373 kB | 0.2/1.4 MB | 0.2/2.0 MB | 0.3/1.1 MBProgress (5): 343/674 kB | 373 kB | 0.2/1.4 MB | 0.2/2.0 MB | 0.3/1.1 MBProgress (5): 360/674 kB | 373 kB | 0.2/1.4 MB | 0.2/2.0 MB | 0.3/1.1 MBProgress (5): 360/674 kB | 373 kB | 0.2/1.4 MB | 0.2/2.0 MB | 0.3/1.1 MBProgress (5): 376/674 kB | 373 kB | 0.2/1.4 MB | 0.2/2.0 MB | 0.3/1.1 MBProgress (5): 392/674 kB | 373 kB | 0.2/1.4 MB | 0.2/2.0 MB | 0.3/1.1 MBProgress (5): 409/674 kB | 373 kB | 0.2/1.4 MB | 0.2/2.0 MB | 0.3/1.1 MBProgress (5): 425/674 kB | 373 kB | 0.2/1.4 MB | 0.2/2.0 MB | 0.3/1.1 MBProgress (5): 442/674 kB | 373 kB | 0.2/1.4 MB | 0.2/2.0 MB | 0.3/1.1 MB                                                                        Downloaded from central: https://repo.maven.apache.org/maven2/commons-codec/commons-codec/1.17.1/commons-codec-1.17.1.jar (373 kB at 689 kB/s)
Downloading from central: https://repo.maven.apache.org/maven2/org/apache/httpcomponents/client5/httpclient5/5.5.2/httpclient5-5.5.2.jar
Progress (4): 442/674 kB | 0.2/1.4 MB | 0.2/2.0 MB | 0.3/1.1 MBProgress (4): 442/674 kB | 0.2/1.4 MB | 0.2/2.0 MB | 0.3/1.1 MBProgress (4): 442/674 kB | 0.2/1.4 MB | 0.2/2.0 MB | 0.3/1.1 MBProgress (4): 442/674 kB | 0.2/1.4 MB | 0.2/2.0 MB | 0.3/1.1 MBProgress (4): 458/674 kB | 0.2/1.4 MB | 0.2/2.0 MB | 0.3/1.1 MBProgress (4): 458/674 kB | 0.2/1.4 MB | 0.2/2.0 MB | 0.3/1.1 MBProgress (4): 474/674 kB | 0.2/1.4 MB | 0.2/2.0 MB | 0.3/1.1 MBProgress (4): 474/674 kB | 0.2/1.4 MB | 0.2/2.0 MB | 0.3/1.1 MBProgress (4): 474/674 kB | 0.2/1.4 MB | 0.2/2.0 MB | 0.3/1.1 MBProgress (4): 474/674 kB | 0.3/1.4 MB | 0.2/2.0 MB | 0.3/1.1 MBProgress (4): 491/674 kB | 0.3/1.4 MB | 0.2/2.0 MB | 0.3/1.1 MBProgress (4): 491/674 kB | 0.3/1.4 MB | 0.2/2.0 MB | 0.3/1.1 MBProgress (4): 507/674 kB | 0.3/1.4 MB | 0.2/2.0 MB | 0.3/1.1 MBProgress (4): 507/674 kB | 0.3/1.4 MB | 0.2/2.0 MB | 0.3/1.1 MBProgress (4): 507/674 kB | 0.3/1.4 MB | 0.2/2.0 MB | 0.3/1.1 MBProgress (4): 524/674 kB | 0.3/1.4 MB | 0.2/2.0 MB | 0.3/1.1 MBProgress (4): 524/674 kB | 0.3/1.4 MB | 0.3/2.0 MB | 0.3/1.1 MBProgress (4): 524/674 kB | 0.3/1.4 MB | 0.3/2.0 MB | 0.4/1.1 MBProgress (4): 540/674 kB | 0.3/1.4 MB | 0.3/2.0 MB | 0.4/1.1 MBProgress (4): 540/674 kB | 0.3/1.4 MB | 0.3/2.0 MB | 0.4/1.1 MBProgress (4): 540/674 kB | 0.3/1.4 MB | 0.3/2.0 MB | 0.4/1.1 MBProgress (4): 556/674 kB | 0.3/1.4 MB | 0.3/2.0 MB | 0.4/1.1 MBProgress (5): 556/674 kB | 0.3/1.4 MB | 0.3/2.0 MB | 0.4/1.1 MB | 7.7/961 kBProgress (5): 556/674 kB | 0.3/1.4 MB | 0.3/2.0 MB | 0.4/1.1 MB | 16/961 kB Progress (5): 573/674 kB | 0.3/1.4 MB | 0.3/2.0 MB | 0.4/1.1 MB | 16/961 kBProgress (5): 573/674 kB | 0.3/1.4 MB | 0.3/2.0 MB | 0.4/1.1 MB | 32/961 kBProgress (5): 589/674 kB | 0.3/1.4 MB | 0.3/2.0 MB | 0.4/1.1 MB | 32/961 kBProgress (5): 589/674 kB | 0.3/1.4 MB | 0.3/2.0 MB | 0.4/1.1 MB | 48/961 kBProgress (5): 605/674 kB | 0.3/1.4 MB | 0.3/2.0 MB | 0.4/1.1 MB | 48/961 kBProgress (5): 605/674 kB | 0.3/1.4 MB | 0.3/2.0 MB | 0.4/1.1 MB | 65/961 kBProgress (5): 622/674 kB | 0.3/1.4 MB | 0.3/2.0 MB | 0.4/1.1 MB | 65/961 kBProgress (5): 638/674 kB | 0.3/1.4 MB | 0.3/2.0 MB | 0.4/1.1 MB | 65/961 kBProgress (5): 638/674 kB | 0.3/1.4 MB | 0.3/2.0 MB | 0.4/1.1 MB | 81/961 kBProgress (5): 655/674 kB | 0.3/1.4 MB | 0.3/2.0 MB | 0.4/1.1 MB | 81/961 kBProgress (5): 655/674 kB | 0.3/1.4 MB | 0.3/2.0 MB | 0.4/1.1 MB | 98/961 kBProgress (5): 655/674 kB | 0.3/1.4 MB | 0.3/2.0 MB | 0.4/1.1 MB | 98/961 kBProgress (5): 671/674 kB | 0.3/1.4 MB | 0.3/2.0 MB | 0.4/1.1 MB | 98/961 kBProgress (5): 671/674 kB | 0.3/1.4 MB | 0.3/2.0 MB | 0.4/1.1 MB | 114/961 kBProgress (5): 674 kB | 0.3/1.4 MB | 0.3/2.0 MB | 0.4/1.1 MB | 114/961 kB    Progress (5): 674 kB | 0.3/1.4 MB | 0.3/2.0 MB | 0.4/1.1 MB | 114/961 kBProgress (5): 674 kB | 0.3/1.4 MB | 0.3/2.0 MB | 0.4/1.1 MB | 114/961 kBProgress (5): 674 kB | 0.3/1.4 MB | 0.3/2.0 MB | 0.4/1.1 MB | 130/961 kBProgress (5): 674 kB | 0.3/1.4 MB | 0.3/2.0 MB | 0.4/1.1 MB | 130/961 kBProgress (5): 674 kB | 0.3/1.4 MB | 0.3/2.0 MB | 0.4/1.1 MB | 147/961 kBProgress (5): 674 kB | 0.3/1.4 MB | 0.3/2.0 MB | 0.4/1.1 MB | 147/961 kBProgress (5): 674 kB | 0.3/1.4 MB | 0.3/2.0 MB | 0.4/1.1 MB | 163/961 kBProgress (5): 674 kB | 0.3/1.4 MB | 0.3/2.0 MB | 0.4/1.1 MB | 163/961 kBProgress (5): 674 kB | 0.3/1.4 MB | 0.3/2.0 MB | 0.4/1.1 MB | 179/961 kBProgress (5): 674 kB | 0.3/1.4 MB | 0.3/2.0 MB | 0.4/1.1 MB | 179/961 kBProgress (5): 674 kB | 0.3/1.4 MB | 0.3/2.0 MB | 0.4/1.1 MB | 196/961 kBProgress (5): 674 kB | 0.3/1.4 MB | 0.3/2.0 MB | 0.4/1.1 MB | 212/961 kBProgress (5): 674 kB | 0.3/1.4 MB | 0.3/2.0 MB | 0.4/1.1 MB | 229/961 kBProgress (5): 674 kB | 0.3/1.4 MB | 0.3/2.0 MB | 0.4/1.1 MB | 245/961 kBProgress (5): 674 kB | 0.3/1.4 MB | 0.3/2.0 MB | 0.4/1.1 MB | 261/961 kBProgress (5): 674 kB | 0.3/1.4 MB | 0.3/2.0 MB | 0.4/1.1 MB | 278/961 kBProgress (5): 674 kB | 0.3/1.4 MB | 0.3/2.0 MB | 0.4/1.1 MB | 294/961 kB                                                                        Downloaded from central: https://repo.maven.apache.org/maven2/org/apache/commons/commons-lang3/3.16.0/commons-lang3-3.16.0.jar (674 kB at 933 kB/s)
Downloading from central: https://repo.maven.apache.org/maven2/org/apache/httpcomponents/core5/httpcore5/5.3.6/httpcore5-5.3.6.jar
Progress (4): 0.3/1.4 MB | 0.3/2.0 MB | 0.5/1.1 MB | 294/961 kBProgress (4): 0.3/1.4 MB | 0.3/2.0 MB | 0.5/1.1 MB | 294/961 kBProgress (4): 0.3/1.4 MB | 0.3/2.0 MB | 0.5/1.1 MB | 311/961 kBProgress (4): 0.3/1.4 MB | 0.3/2.0 MB | 0.5/1.1 MB | 311/961 kBProgress (4): 0.3/1.4 MB | 0.3/2.0 MB | 0.5/1.1 MB | 327/961 kBProgress (4): 0.3/1.4 MB | 0.4/2.0 MB | 0.5/1.1 MB | 327/961 kBProgress (4): 0.3/1.4 MB | 0.4/2.0 MB | 0.5/1.1 MB | 327/961 kBProgress (4): 0.3/1.4 MB | 0.4/2.0 MB | 0.5/1.1 MB | 327/961 kBProgress (4): 0.3/1.4 MB | 0.4/2.0 MB | 0.5/1.1 MB | 343/961 kBProgress (4): 0.3/1.4 MB | 0.4/2.0 MB | 0.5/1.1 MB | 360/961 kBProgress (4): 0.3/1.4 MB | 0.4/2.0 MB | 0.5/1.1 MB | 376/961 kBProgress (4): 0.3/1.4 MB | 0.4/2.0 MB | 0.5/1.1 MB | 376/961 kBProgress (4): 0.3/1.4 MB | 0.4/2.0 MB | 0.5/1.1 MB | 392/961 kBProgress (4): 0.3/1.4 MB | 0.4/2.0 MB | 0.5/1.1 MB | 409/961 kBProgress (4): 0.3/1.4 MB | 0.4/2.0 MB | 0.5/1.1 MB | 409/961 kBProgress (4): 0.3/1.4 MB | 0.4/2.0 MB | 0.5/1.1 MB | 409/961 kBProgress (4): 0.3/1.4 MB | 0.4/2.0 MB | 0.5/1.1 MB | 425/961 kBProgress (4): 0.3/1.4 MB | 0.4/2.0 MB | 0.5/1.1 MB | 425/961 kBProgress (4): 0.3/1.4 MB | 0.4/2.0 MB | 0.5/1.1 MB | 442/961 kBProgress (4): 0.3/1.4 MB | 0.4/2.0 MB | 0.6/1.1 MB | 442/961 kBProgress (4): 0.3/1.4 MB | 0.4/2.0 MB | 0.6/1.1 MB | 442/961 kBProgress (4): 0.3/1.4 MB | 0.4/2.0 MB | 0.6/1.1 MB | 458/961 kBProgress (4): 0.3/1.4 MB | 0.4/2.0 MB | 0.6/1.1 MB | 458/961 kBProgress (4): 0.3/1.4 MB | 0.4/2.0 MB | 0.6/1.1 MB | 458/961 kBProgress (4): 0.3/1.4 MB | 0.4/2.0 MB | 0.6/1.1 MB | 474/961 kBProgress (4): 0.3/1.4 MB | 0.4/2.0 MB | 0.6/1.1 MB | 491/961 kBProgress (4): 0.3/1.4 MB | 0.4/2.0 MB | 0.6/1.1 MB | 507/961 kBProgress (4): 0.3/1.4 MB | 0.4/2.0 MB | 0.6/1.1 MB | 524/961 kBProgress (4): 0.3/1.4 MB | 0.4/2.0 MB | 0.6/1.1 MB | 540/961 kBProgress (4): 0.3/1.4 MB | 0.4/2.0 MB | 0.6/1.1 MB | 540/961 kBProgress (4): 0.3/1.4 MB | 0.4/2.0 MB | 0.6/1.1 MB | 556/961 kBProgress (5): 0.3/1.4 MB | 0.4/2.0 MB | 0.6/1.1 MB | 556/961 kB | 7.7/909 kBProgress (5): 0.3/1.4 MB | 0.4/2.0 MB | 0.6/1.1 MB | 556/961 kB | 16/909 kB Progress (5): 0.3/1.4 MB | 0.4/2.0 MB | 0.6/1.1 MB | 573/961 kB | 16/909 kBProgress (5): 0.3/1.4 MB | 0.4/2.0 MB | 0.6/1.1 MB | 573/961 kB | 32/909 kBProgress (5): 0.3/1.4 MB | 0.4/2.0 MB | 0.6/1.1 MB | 573/961 kB | 49/909 kBProgress (5): 0.3/1.4 MB | 0.4/2.0 MB | 0.6/1.1 MB | 573/961 kB | 49/909 kBProgress (5): 0.3/1.4 MB | 0.4/2.0 MB | 0.6/1.1 MB | 589/961 kB | 49/909 kBProgress (5): 0.3/1.4 MB | 0.4/2.0 MB | 0.6/1.1 MB | 589/961 kB | 49/909 kBProgress (5): 0.3/1.4 MB | 0.4/2.0 MB | 0.6/1.1 MB | 589/961 kB | 65/909 kBProgress (5): 0.3/1.4 MB | 0.4/2.0 MB | 0.6/1.1 MB | 605/961 kB | 65/909 kBProgress (5): 0.3/1.4 MB | 0.4/2.0 MB | 0.6/1.1 MB | 622/961 kB | 65/909 kBProgress (5): 0.3/1.4 MB | 0.4/2.0 MB | 0.6/1.1 MB | 622/961 kB | 65/909 kBProgress (5): 0.3/1.4 MB | 0.4/2.0 MB | 0.6/1.1 MB | 622/961 kB | 65/909 kBProgress (5): 0.3/1.4 MB | 0.4/2.0 MB | 0.6/1.1 MB | 622/961 kB | 81/909 kBProgress (5): 0.3/1.4 MB | 0.5/2.0 MB | 0.6/1.1 MB | 622/961 kB | 81/909 kBProgress (5): 0.3/1.4 MB | 0.5/2.0 MB | 0.6/1.1 MB | 638/961 kB | 81/909 kBProgress (5): 0.3/1.4 MB | 0.5/2.0 MB | 0.6/1.1 MB | 638/961 kB | 81/909 kBProgress (5): 0.3/1.4 MB | 0.5/2.0 MB | 0.6/1.1 MB | 638/961 kB | 98/909 kBProgress (5): 0.3/1.4 MB | 0.5/2.0 MB | 0.6/1.1 MB | 655/961 kB | 98/909 kBProgress (5): 0.3/1.4 MB | 0.5/2.0 MB | 0.6/1.1 MB | 655/961 kB | 98/909 kBProgress (5): 0.3/1.4 MB | 0.5/2.0 MB | 0.6/1.1 MB | 671/961 kB | 98/909 kBProgress (5): 0.3/1.4 MB | 0.5/2.0 MB | 0.7/1.1 MB | 671/961 kB | 98/909 kBProgress (5): 0.3/1.4 MB | 0.5/2.0 MB | 0.7/1.1 MB | 671/961 kB | 114/909 kBProgress (5): 0.3/1.4 MB | 0.5/2.0 MB | 0.7/1.1 MB | 671/961 kB | 114/909 kBProgress (5): 0.3/1.4 MB | 0.5/2.0 MB | 0.7/1.1 MB | 687/961 kB | 114/909 kBProgress (5): 0.3/1.4 MB | 0.5/2.0 MB | 0.7/1.1 MB | 704/961 kB | 114/909 kBProgress (5): 0.3/1.4 MB | 0.5/2.0 MB | 0.7/1.1 MB | 704/961 kB | 130/909 kBProgress (5): 0.3/1.4 MB | 0.5/2.0 MB | 0.7/1.1 MB | 704/961 kB | 147/909 kBProgress (5): 0.3/1.4 MB | 0.5/2.0 MB | 0.7/1.1 MB | 704/961 kB | 163/909 kBProgress (5): 0.3/1.4 MB | 0.5/2.0 MB | 0.7/1.1 MB | 704/961 kB | 179/909 kBProgress (5): 0.3/1.4 MB | 0.5/2.0 MB | 0.7/1.1 MB | 704/961 kB | 196/909 kBProgress (5): 0.3/1.4 MB | 0.5/2.0 MB | 0.7/1.1 MB | 704/961 kB | 212/909 kBProgress (5): 0.3/1.4 MB | 0.5/2.0 MB | 0.7/1.1 MB | 720/961 kB | 212/909 kBProgress (5): 0.3/1.4 MB | 0.5/2.0 MB | 0.7/1.1 MB | 720/961 kB | 212/909 kBProgress (5): 0.3/1.4 MB | 0.5/2.0 MB | 0.7/1.1 MB | 720/961 kB | 212/909 kBProgress (5): 0.3/1.4 MB | 0.5/2.0 MB | 0.7/1.1 MB | 720/961 kB | 212/909 kBProgress (5): 0.3/1.4 MB | 0.5/2.0 MB | 0.7/1.1 MB | 720/961 kB | 212/909 kBProgress (5): 0.3/1.4 MB | 0.5/2.0 MB | 0.7/1.1 MB | 720/961 kB | 212/909 kBProgress (5): 0.3/1.4 MB | 0.5/2.0 MB | 0.7/1.1 MB | 737/961 kB | 212/909 kBProgress (5): 0.3/1.4 MB | 0.5/2.0 MB | 0.7/1.1 MB | 737/961 kB | 212/909 kBProgress (5): 0.3/1.4 MB | 0.5/2.0 MB | 0.7/1.1 MB | 737/961 kB | 212/909 kBProgress (5): 0.3/1.4 MB | 0.5/2.0 MB | 0.7/1.1 MB | 753/961 kB | 212/909 kBProgress (5): 0.3/1.4 MB | 0.5/2.0 MB | 0.7/1.1 MB | 753/961 kB | 212/909 kBProgress (5): 0.3/1.4 MB | 0.5/2.0 MB | 0.7/1.1 MB | 753/961 kB | 212/909 kBProgress (5): 0.3/1.4 MB | 0.5/2.0 MB | 0.7/1.1 MB | 769/961 kB | 212/909 kBProgress (5): 0.3/1.4 MB | 0.5/2.0 MB | 0.7/1.1 MB | 769/961 kB | 212/909 kBProgress (5): 0.4/1.4 MB | 0.5/2.0 MB | 0.7/1.1 MB | 769/961 kB | 212/909 kBProgress (5): 0.4/1.4 MB | 0.5/2.0 MB | 0.7/1.1 MB | 786/961 kB | 212/909 kBProgress (5): 0.4/1.4 MB | 0.5/2.0 MB | 0.7/1.1 MB | 786/961 kB | 229/909 kBProgress (5): 0.4/1.4 MB | 0.5/2.0 MB | 0.8/1.1 MB | 786/961 kB | 229/909 kBProgress (5): 0.4/1.4 MB | 0.5/2.0 MB | 0.8/1.1 MB | 786/961 kB | 229/909 kBProgress (5): 0.4/1.4 MB | 0.5/2.0 MB | 0.8/1.1 MB | 786/961 kB | 229/909 kBProgress (5): 0.4/1.4 MB | 0.5/2.0 MB | 0.8/1.1 MB | 802/961 kB | 229/909 kBProgress (5): 0.4/1.4 MB | 0.5/2.0 MB | 0.8/1.1 MB | 802/961 kB | 229/909 kBProgress (5): 0.4/1.4 MB | 0.5/2.0 MB | 0.8/1.1 MB | 802/961 kB | 245/909 kBProgress (5): 0.4/1.4 MB | 0.5/2.0 MB | 0.8/1.1 MB | 802/961 kB | 245/909 kBProgress (5): 0.4/1.4 MB | 0.5/2.0 MB | 0.8/1.1 MB | 818/961 kB | 245/909 kBProgress (5): 0.4/1.4 MB | 0.5/2.0 MB | 0.8/1.1 MB | 818/961 kB | 245/909 kBProgress (5): 0.4/1.4 MB | 0.5/2.0 MB | 0.8/1.1 MB | 818/961 kB | 261/909 kBProgress (5): 0.4/1.4 MB | 0.5/2.0 MB | 0.8/1.1 MB | 818/961 kB | 278/909 kBProgress (5): 0.4/1.4 MB | 0.5/2.0 MB | 0.8/1.1 MB | 835/961 kB | 278/909 kBProgress (5): 0.4/1.4 MB | 0.5/2.0 MB | 0.8/1.1 MB | 851/961 kB | 278/909 kBProgress (5): 0.4/1.4 MB | 0.5/2.0 MB | 0.8/1.1 MB | 868/961 kB | 278/909 kBProgress (5): 0.4/1.4 MB | 0.5/2.0 MB | 0.8/1.1 MB | 884/961 kB | 278/909 kBProgress (5): 0.4/1.4 MB | 0.5/2.0 MB | 0.8/1.1 MB | 900/961 kB | 278/909 kBProgress (5): 0.4/1.4 MB | 0.5/2.0 MB | 0.8/1.1 MB | 900/961 kB | 294/909 kBProgress (5): 0.4/1.4 MB | 0.5/2.0 MB | 0.8/1.1 MB | 917/961 kB | 294/909 kBProgress (5): 0.4/1.4 MB | 0.5/2.0 MB | 0.8/1.1 MB | 917/961 kB | 311/909 kBProgress (5): 0.4/1.4 MB | 0.5/2.0 MB | 0.8/1.1 MB | 917/961 kB | 311/909 kBProgress (5): 0.4/1.4 MB | 0.5/2.0 MB | 0.8/1.1 MB | 917/961 kB | 311/909 kBProgress (5): 0.4/1.4 MB | 0.5/2.0 MB | 0.8/1.1 MB | 933/961 kB | 311/909 kBProgress (5): 0.4/1.4 MB | 0.5/2.0 MB | 0.8/1.1 MB | 933/961 kB | 311/909 kBProgress (5): 0.4/1.4 MB | 0.5/2.0 MB | 0.8/1.1 MB | 933/961 kB | 311/909 kBProgress (5): 0.4/1.4 MB | 0.5/2.0 MB | 0.8/1.1 MB | 950/961 kB | 311/909 kBProgress (5): 0.4/1.4 MB | 0.5/2.0 MB | 0.8/1.1 MB | 950/961 kB | 311/909 kBProgress (5): 0.4/1.4 MB | 0.5/2.0 MB | 0.8/1.1 MB | 950/961 kB | 311/909 kBProgress (5): 0.4/1.4 MB | 0.6/2.0 MB | 0.8/1.1 MB | 950/961 kB | 311/909 kBProgress (5): 0.4/1.4 MB | 0.6/2.0 MB | 0.8/1.1 MB | 950/961 kB | 327/909 kBProgress (5): 0.4/1.4 MB | 0.6/2.0 MB | 0.8/1.1 MB | 961 kB | 327/909 kB    Progress (5): 0.4/1.4 MB | 0.6/2.0 MB | 0.8/1.1 MB | 961 kB | 327/909 kBProgress (5): 0.5/1.4 MB | 0.6/2.0 MB | 0.8/1.1 MB | 961 kB | 327/909 kBProgress (5): 0.5/1.4 MB | 0.6/2.0 MB | 0.8/1.1 MB | 961 kB | 327/909 kBProgress (5): 0.5/1.4 MB | 0.6/2.0 MB | 0.8/1.1 MB | 961 kB | 343/909 kBProgress (5): 0.5/1.4 MB | 0.6/2.0 MB | 0.9/1.1 MB | 961 kB | 343/909 kBProgress (5): 0.5/1.4 MB | 0.6/2.0 MB | 0.9/1.1 MB | 961 kB | 343/909 kBProgress (5): 0.5/1.4 MB | 0.6/2.0 MB | 0.9/1.1 MB | 961 kB | 343/909 kBProgress (5): 0.5/1.4 MB | 0.6/2.0 MB | 0.9/1.1 MB | 961 kB | 360/909 kBProgress (5): 0.5/1.4 MB | 0.6/2.0 MB | 0.9/1.1 MB | 961 kB | 360/909 kBProgress (5): 0.5/1.4 MB | 0.6/2.0 MB | 0.9/1.1 MB | 961 kB | 376/909 kBProgress (5): 0.5/1.4 MB | 0.6/2.0 MB | 0.9/1.1 MB | 961 kB | 392/909 kBProgress (5): 0.5/1.4 MB | 0.6/2.0 MB | 0.9/1.1 MB | 961 kB | 409/909 kBProgress (5): 0.5/1.4 MB | 0.6/2.0 MB | 0.9/1.1 MB | 961 kB | 425/909 kBProgress (5): 0.5/1.4 MB | 0.6/2.0 MB | 0.9/1.1 MB | 961 kB | 442/909 kBProgress (5): 0.5/1.4 MB | 0.6/2.0 MB | 0.9/1.1 MB | 961 kB | 458/909 kBProgress (5): 0.5/1.4 MB | 0.6/2.0 MB | 0.9/1.1 MB | 961 kB | 474/909 kB                                                                        Downloaded from central: https://repo.maven.apache.org/maven2/org/apache/httpcomponents/client5/httpclient5/5.5.2/httpclient5-5.5.2.jar (961 kB at 594 kB/s)
Downloading from central: https://repo.maven.apache.org/maven2/org/apache/httpcomponents/core5/httpcore5-h2/5.3.6/httpcore5-h2-5.3.6.jar
Progress (4): 0.5/1.4 MB | 0.6/2.0 MB | 0.9/1.1 MB | 474/909 kBProgress (4): 0.5/1.4 MB | 0.6/2.0 MB | 0.9/1.1 MB | 474/909 kBProgress (4): 0.5/1.4 MB | 0.6/2.0 MB | 0.9/1.1 MB | 474/909 kBProgress (4): 0.5/1.4 MB | 0.6/2.0 MB | 0.9/1.1 MB | 491/909 kBProgress (4): 0.5/1.4 MB | 0.6/2.0 MB | 0.9/1.1 MB | 491/909 kBProgress (4): 0.5/1.4 MB | 0.6/2.0 MB | 0.9/1.1 MB | 491/909 kBProgress (4): 0.5/1.4 MB | 0.6/2.0 MB | 0.9/1.1 MB | 491/909 kBProgress (4): 0.5/1.4 MB | 0.6/2.0 MB | 0.9/1.1 MB | 507/909 kBProgress (4): 0.5/1.4 MB | 0.6/2.0 MB | 0.9/1.1 MB | 507/909 kBProgress (4): 0.5/1.4 MB | 0.6/2.0 MB | 0.9/1.1 MB | 507/909 kBProgress (4): 0.5/1.4 MB | 0.6/2.0 MB | 0.9/1.1 MB | 507/909 kBProgress (4): 0.5/1.4 MB | 0.6/2.0 MB | 0.9/1.1 MB | 524/909 kBProgress (4): 0.5/1.4 MB | 0.6/2.0 MB | 0.9/1.1 MB | 524/909 kBProgress (4): 0.5/1.4 MB | 0.6/2.0 MB | 1.0/1.1 MB | 524/909 kBProgress (4): 0.5/1.4 MB | 0.6/2.0 MB | 1.0/1.1 MB | 524/909 kBProgress (4): 0.5/1.4 MB | 0.6/2.0 MB | 1.0/1.1 MB | 540/909 kBProgress (4): 0.5/1.4 MB | 0.6/2.0 MB | 1.0/1.1 MB | 540/909 kBProgress (4): 0.5/1.4 MB | 0.6/2.0 MB | 1.0/1.1 MB | 556/909 kBProgress (4): 0.6/1.4 MB | 0.6/2.0 MB | 1.0/1.1 MB | 556/909 kBProgress (4): 0.6/1.4 MB | 0.7/2.0 MB | 1.0/1.1 MB | 556/909 kBProgress (4): 0.6/1.4 MB | 0.7/2.0 MB | 1.0/1.1 MB | 556/909 kBProgress (4): 0.6/1.4 MB | 0.7/2.0 MB | 1.0/1.1 MB | 556/909 kBProgress (4): 0.6/1.4 MB | 0.7/2.0 MB | 1.0/1.1 MB | 556/909 kBProgress (4): 0.6/1.4 MB | 0.7/2.0 MB | 1.0/1.1 MB | 573/909 kBProgress (4): 0.6/1.4 MB | 0.7/2.0 MB | 1.0/1.1 MB | 573/909 kBProgress (4): 0.6/1.4 MB | 0.7/2.0 MB | 1.0/1.1 MB | 589/909 kBProgress (4): 0.6/1.4 MB | 0.7/2.0 MB | 1.0/1.1 MB | 589/909 kBProgress (4): 0.6/1.4 MB | 0.7/2.0 MB | 1.0/1.1 MB | 589/909 kBProgress (4): 0.6/1.4 MB | 0.7/2.0 MB | 1.0/1.1 MB | 605/909 kBProgress (4): 0.6/1.4 MB | 0.7/2.0 MB | 1.0/1.1 MB | 605/909 kBProgress (4): 0.6/1.4 MB | 0.7/2.0 MB | 1.0/1.1 MB | 622/909 kBProgress (4): 0.6/1.4 MB | 0.7/2.0 MB | 1.0/1.1 MB | 638/909 kBProgress (4): 0.6/1.4 MB | 0.7/2.0 MB | 1.0/1.1 MB | 638/909 kBProgress (4): 0.6/1.4 MB | 0.7/2.0 MB | 1.0/1.1 MB | 655/909 kBProgress (4): 0.6/1.4 MB | 0.7/2.0 MB | 1.1/1.1 MB | 655/909 kBProgress (4): 0.6/1.4 MB | 0.7/2.0 MB | 1.1/1.1 MB | 655/909 kBProgress (4): 0.6/1.4 MB | 0.7/2.0 MB | 1.1/1.1 MB | 671/909 kBProgress (4): 0.6/1.4 MB | 0.7/2.0 MB | 1.1/1.1 MB | 671/909 kBProgress (4): 0.6/1.4 MB | 0.7/2.0 MB | 1.1/1.1 MB | 671/909 kBProgress (4): 0.6/1.4 MB | 0.7/2.0 MB | 1.1/1.1 MB | 671/909 kBProgress (4): 0.6/1.4 MB | 0.7/2.0 MB | 1.1 MB | 671/909 kB    Progress (4): 0.6/1.4 MB | 0.7/2.0 MB | 1.1 MB | 687/909 kBProgress (4): 0.6/1.4 MB | 0.7/2.0 MB | 1.1 MB | 704/909 kBProgress (4): 0.6/1.4 MB | 0.7/2.0 MB | 1.1 MB | 720/909 kBProgress (5): 0.6/1.4 MB | 0.7/2.0 MB | 1.1 MB | 720/909 kB | 7.7/243 kBProgress (5): 0.6/1.4 MB | 0.7/2.0 MB | 1.1 MB | 720/909 kB | 16/243 kB Progress (5): 0.6/1.4 MB | 0.7/2.0 MB | 1.1 MB | 737/909 kB | 16/243 kBProgress (5): 0.6/1.4 MB | 0.7/2.0 MB | 1.1 MB | 737/909 kB | 29/243 kBProgress (5): 0.6/1.4 MB | 0.7/2.0 MB | 1.1 MB | 753/909 kB | 29/243 kBProgress (5): 0.6/1.4 MB | 0.7/2.0 MB | 1.1 MB | 753/909 kB | 45/243 kBProgress (5): 0.6/1.4 MB | 0.7/2.0 MB | 1.1 MB | 753/909 kB | 61/243 kBProgress (5): 0.6/1.4 MB | 0.7/2.0 MB | 1.1 MB | 753/909 kB | 78/243 kBProgress (5): 0.6/1.4 MB | 0.7/2.0 MB | 1.1 MB | 753/909 kB | 94/243 kBProgress (5): 0.6/1.4 MB | 0.7/2.0 MB | 1.1 MB | 753/909 kB | 111/243 kBProgress (5): 0.6/1.4 MB | 0.7/2.0 MB | 1.1 MB | 753/909 kB | 127/243 kBProgress (5): 0.6/1.4 MB | 0.7/2.0 MB | 1.1 MB | 753/909 kB | 143/243 kBProgress (5): 0.6/1.4 MB | 0.7/2.0 MB | 1.1 MB | 753/909 kB | 160/243 kBProgress (5): 0.6/1.4 MB | 0.7/2.0 MB | 1.1 MB | 753/909 kB | 176/243 kBProgress (5): 0.6/1.4 MB | 0.7/2.0 MB | 1.1 MB | 753/909 kB | 193/243 kBProgress (5): 0.6/1.4 MB | 0.7/2.0 MB | 1.1 MB | 769/909 kB | 193/243 kBProgress (5): 0.6/1.4 MB | 0.7/2.0 MB | 1.1 MB | 769/909 kB | 209/243 kBProgress (5): 0.6/1.4 MB | 0.7/2.0 MB | 1.1 MB | 786/909 kB | 209/243 kBProgress (5): 0.6/1.4 MB | 0.7/2.0 MB | 1.1 MB | 786/909 kB | 225/243 kBProgress (5): 0.6/1.4 MB | 0.7/2.0 MB | 1.1 MB | 786/909 kB | 225/243 kBProgress (5): 0.6/1.4 MB | 0.7/2.0 MB | 1.1 MB | 802/909 kB | 225/243 kBProgress (5): 0.6/1.4 MB | 0.7/2.0 MB | 1.1 MB | 802/909 kB | 225/243 kBProgress (5): 0.6/1.4 MB | 0.7/2.0 MB | 1.1 MB | 802/909 kB | 225/243 kBProgress (5): 0.6/1.4 MB | 0.7/2.0 MB | 1.1 MB | 802/909 kB | 242/243 kBProgress (5): 0.6/1.4 MB | 0.7/2.0 MB | 1.1 MB | 802/909 kB | 243 kB    Progress (5): 0.6/1.4 MB | 0.7/2.0 MB | 1.1 MB | 818/909 kB | 243 kBProgress (5): 0.6/1.4 MB | 0.7/2.0 MB | 1.1 MB | 818/909 kB | 243 kBProgress (5): 0.6/1.4 MB | 0.7/2.0 MB | 1.1 MB | 818/909 kB | 243 kBProgress (5): 0.6/1.4 MB | 0.7/2.0 MB | 1.1 MB | 835/909 kB | 243 kBProgress (5): 0.7/1.4 MB | 0.7/2.0 MB | 1.1 MB | 835/909 kB | 243 kBProgress (5): 0.7/1.4 MB | 0.8/2.0 MB | 1.1 MB | 835/909 kB | 243 kBProgress (5): 0.7/1.4 MB | 0.8/2.0 MB | 1.1 MB | 835/909 kB | 243 kBProgress (5): 0.7/1.4 MB | 0.8/2.0 MB | 1.1 MB | 835/909 kB | 243 kBProgress (5): 0.7/1.4 MB | 0.8/2.0 MB | 1.1 MB | 835/909 kB | 243 kBProgress (5): 0.7/1.4 MB | 0.8/2.0 MB | 1.1 MB | 835/909 kB | 243 kBProgress (5): 0.7/1.4 MB | 0.8/2.0 MB | 1.1 MB | 851/909 kB | 243 kBProgress (5): 0.7/1.4 MB | 0.8/2.0 MB | 1.1 MB | 851/909 kB | 243 kBProgress (5): 0.7/1.4 MB | 0.8/2.0 MB | 1.1 MB | 851/909 kB | 243 kBProgress (5): 0.7/1.4 MB | 0.8/2.0 MB | 1.1 MB | 868/909 kB | 243 kBProgress (5): 0.7/1.4 MB | 0.8/2.0 MB | 1.1 MB | 884/909 kB | 243 kBProgress (5): 0.7/1.4 MB | 0.8/2.0 MB | 1.1 MB | 900/909 kB | 243 kBProgress (5): 0.7/1.4 MB | 0.8/2.0 MB | 1.1 MB | 909 kB | 243 kB                                                                    Downloaded from central: https://repo.maven.apache.org/maven2/org/apache/commons/commons-compress/1.27.1/commons-compress-1.27.1.jar (1.1 MB at 544 kB/s)
Downloading from central: https://repo.maven.apache.org/maven2/org/tomlj/tomlj/1.0.0/tomlj-1.0.0.jar
Downloaded from central: https://repo.maven.apache.org/maven2/org/apache/httpcomponents/core5/httpcore5-h2/5.3.6/httpcore5-h2-5.3.6.jar (243 kB at 121 kB/s)
Downloading from central: https://repo.maven.apache.org/maven2/org/antlr/antlr4-runtime/4.7.2/antlr4-runtime-4.7.2.jar
Downloaded from central: https://repo.maven.apache.org/maven2/org/apache/httpcomponents/core5/httpcore5/5.3.6/httpcore5-5.3.6.jar (909 kB at 450 kB/s)
Downloading from central: https://repo.maven.apache.org/maven2/com/google/code/findbugs/jsr305/3.0.2/jsr305-3.0.2.jar
Progress (2): 0.7/1.4 MB | 0.8/2.0 MBProgress (2): 0.7/1.4 MB | 0.8/2.0 MBProgress (2): 0.8/1.4 MB | 0.8/2.0 MBProgress (2): 0.8/1.4 MB | 0.8/2.0 MBProgress (2): 0.8/1.4 MB | 0.8/2.0 MBProgress (3): 0.8/1.4 MB | 0.8/2.0 MB | 7.7/338 kBProgress (4): 0.8/1.4 MB | 0.8/2.0 MB | 7.7/338 kB | 7.7/157 kBProgress (4): 0.8/1.4 MB | 0.8/2.0 MB | 16/338 kB | 7.7/157 kB Progress (4): 0.8/1.4 MB | 0.8/2.0 MB | 16/338 kB | 16/157 kB Progress (4): 0.8/1.4 MB | 0.8/2.0 MB | 24/338 kB | 16/157 kBProgress (4): 0.8/1.4 MB | 0.8/2.0 MB | 24/338 kB | 32/157 kBProgress (4): 0.8/1.4 MB | 0.8/2.0 MB | 24/338 kB | 48/157 kBProgress (4): 0.8/1.4 MB | 0.8/2.0 MB | 24/338 kB | 65/157 kBProgress (4): 0.8/1.4 MB | 0.8/2.0 MB | 40/338 kB | 65/157 kBProgress (4): 0.8/1.4 MB | 0.8/2.0 MB | 40/338 kB | 81/157 kBProgress (4): 0.8/1.4 MB | 0.8/2.0 MB | 40/338 kB | 81/157 kBProgress (4): 0.8/1.4 MB | 0.8/2.0 MB | 57/338 kB | 81/157 kBProgress (4): 0.8/1.4 MB | 0.8/2.0 MB | 57/338 kB | 98/157 kBProgress (4): 0.8/1.4 MB | 0.8/2.0 MB | 57/338 kB | 98/157 kBProgress (4): 0.8/1.4 MB | 0.8/2.0 MB | 57/338 kB | 114/157 kBProgress (4): 0.8/1.4 MB | 0.8/2.0 MB | 73/338 kB | 114/157 kBProgress (4): 0.8/1.4 MB | 0.8/2.0 MB | 73/338 kB | 130/157 kBProgress (4): 0.8/1.4 MB | 0.8/2.0 MB | 90/338 kB | 130/157 kBProgress (4): 0.8/1.4 MB | 0.8/2.0 MB | 90/338 kB | 147/157 kBProgress (4): 0.8/1.4 MB | 0.9/2.0 MB | 90/338 kB | 147/157 kBProgress (4): 0.8/1.4 MB | 0.9/2.0 MB | 90/338 kB | 147/157 kBProgress (4): 0.8/1.4 MB | 0.9/2.0 MB | 106/338 kB | 147/157 kBProgress (4): 0.8/1.4 MB | 0.9/2.0 MB | 106/338 kB | 157 kB    Progress (4): 0.8/1.4 MB | 0.9/2.0 MB | 106/338 kB | 157 kBProgress (5): 0.8/1.4 MB | 0.9/2.0 MB | 106/338 kB | 157 kB | 7.7/20 kBProgress (5): 0.8/1.4 MB | 0.9/2.0 MB | 122/338 kB | 157 kB | 7.7/20 kBProgress (5): 0.8/1.4 MB | 0.9/2.0 MB | 122/338 kB | 157 kB | 7.7/20 kBProgress (5): 0.8/1.4 MB | 0.9/2.0 MB | 122/338 kB | 157 kB | 16/20 kB Progress (5): 0.8/1.4 MB | 0.9/2.0 MB | 122/338 kB | 157 kB | 16/20 kBProgress (5): 0.8/1.4 MB | 0.9/2.0 MB | 122/338 kB | 157 kB | 20 kB   Progress (5): 0.8/1.4 MB | 0.9/2.0 MB | 139/338 kB | 157 kB | 20 kBProgress (5): 0.8/1.4 MB | 0.9/2.0 MB | 139/338 kB | 157 kB | 20 kBProgress (5): 0.9/1.4 MB | 0.9/2.0 MB | 139/338 kB | 157 kB | 20 kBProgress (5): 0.9/1.4 MB | 0.9/2.0 MB | 139/338 kB | 157 kB | 20 kBProgress (5): 0.9/1.4 MB | 0.9/2.0 MB | 155/338 kB | 157 kB | 20 kBProgress (5): 0.9/1.4 MB | 0.9/2.0 MB | 155/338 kB | 157 kB | 20 kBProgress (5): 0.9/1.4 MB | 0.9/2.0 MB | 155/338 kB | 157 kB | 20 kBProgress (5): 0.9/1.4 MB | 0.9/2.0 MB | 172/338 kB | 157 kB | 20 kBProgress (5): 0.9/1.4 MB | 0.9/2.0 MB | 188/338 kB | 157 kB | 20 kBProgress (5): 0.9/1.4 MB | 0.9/2.0 MB | 204/338 kB | 157 kB | 20 kBProgress (5): 0.9/1.4 MB | 0.9/2.0 MB | 221/338 kB | 157 kB | 20 kBProgress (5): 0.9/1.4 MB | 0.9/2.0 MB | 237/338 kB | 157 kB | 20 kBProgress (5): 0.9/1.4 MB | 0.9/2.0 MB | 253/338 kB | 157 kB | 20 kBProgress (5): 0.9/1.4 MB | 0.9/2.0 MB | 270/338 kB | 157 kB | 20 kBProgress (5): 0.9/1.4 MB | 0.9/2.0 MB | 286/338 kB | 157 kB | 20 kBProgress (5): 0.9/1.4 MB | 0.9/2.0 MB | 303/338 kB | 157 kB | 20 kBProgress (5): 0.9/1.4 MB | 0.9/2.0 MB | 319/338 kB | 157 kB | 20 kBProgress (5): 0.9/1.4 MB | 0.9/2.0 MB | 335/338 kB | 157 kB | 20 kBProgress (5): 0.9/1.4 MB | 0.9/2.0 MB | 338 kB | 157 kB | 20 kB                                                                   Downloaded from central: https://repo.maven.apache.org/maven2/com/google/code/findbugs/jsr305/3.0.2/jsr305-3.0.2.jar (20 kB at 8.9 kB/s)
Downloading from central: https://repo.maven.apache.org/maven2/org/springframework/boot/spring-boot-loader-tools/3.5.12/spring-boot-loader-tools-3.5.12.jar
Downloaded from central: https://repo.maven.apache.org/maven2/org/tomlj/tomlj/1.0.0/tomlj-1.0.0.jar (157 kB at 70 kB/s)
Downloading from central: https://repo.maven.apache.org/maven2/org/apache/maven/plugins/maven-shade-plugin/3.6.0/maven-shade-plugin-3.6.0.jar
Downloaded from central: https://repo.maven.apache.org/maven2/org/antlr/antlr4-runtime/4.7.2/antlr4-runtime-4.7.2.jar (338 kB at 150 kB/s)
Downloading from central: https://repo.maven.apache.org/maven2/org/ow2/asm/asm/9.7/asm-9.7.jar
Progress (2): 0.9/1.4 MB | 0.9/2.0 MBProgress (2): 0.9/1.4 MB | 0.9/2.0 MBProgress (2): 0.9/1.4 MB | 0.9/2.0 MBProgress (2): 0.9/1.4 MB | 1.0/2.0 MBProgress (2): 0.9/1.4 MB | 1.0/2.0 MBProgress (2): 0.9/1.4 MB | 1.0/2.0 MBProgress (3): 0.9/1.4 MB | 1.0/2.0 MB | 7.7/466 kBProgress (3): 0.9/1.4 MB | 1.0/2.0 MB | 16/466 kB Progress (3): 0.9/1.4 MB | 1.0/2.0 MB | 32/466 kBProgress (3): 0.9/1.4 MB | 1.0/2.0 MB | 32/466 kBProgress (3): 0.9/1.4 MB | 1.0/2.0 MB | 48/466 kBProgress (3): 0.9/1.4 MB | 1.0/2.0 MB | 48/466 kBProgress (3): 0.9/1.4 MB | 1.0/2.0 MB | 65/466 kBProgress (3): 0.9/1.4 MB | 1.0/2.0 MB | 81/466 kBProgress (3): 0.9/1.4 MB | 1.0/2.0 MB | 98/466 kBProgress (4): 0.9/1.4 MB | 1.0/2.0 MB | 98/466 kB | 7.7/125 kBProgress (4): 0.9/1.4 MB | 1.0/2.0 MB | 98/466 kB | 7.7/125 kBProgress (4): 0.9/1.4 MB | 1.0/2.0 MB | 98/466 kB | 12/125 kB Progress (5): 0.9/1.4 MB | 1.0/2.0 MB | 98/466 kB | 12/125 kB | 7.7/150 kBProgress (5): 0.9/1.4 MB | 1.0/2.0 MB | 114/466 kB | 12/125 kB | 7.7/150 kBProgress (5): 0.9/1.4 MB | 1.0/2.0 MB | 114/466 kB | 12/125 kB | 16/150 kB Progress (5): 0.9/1.4 MB | 1.0/2.0 MB | 114/466 kB | 12/125 kB | 16/150 kBProgress (5): 0.9/1.4 MB | 1.0/2.0 MB | 114/466 kB | 29/125 kB | 16/150 kBProgress (5): 0.9/1.4 MB | 1.0/2.0 MB | 130/466 kB | 29/125 kB | 16/150 kBProgress (5): 0.9/1.4 MB | 1.0/2.0 MB | 130/466 kB | 29/125 kB | 32/150 kBProgress (5): 1.0/1.4 MB | 1.0/2.0 MB | 130/466 kB | 29/125 kB | 32/150 kBProgress (5): 1.0/1.4 MB | 1.0/2.0 MB | 147/466 kB | 29/125 kB | 32/150 kBProgress (5): 1.0/1.4 MB | 1.0/2.0 MB | 147/466 kB | 29/125 kB | 49/150 kBProgress (5): 1.0/1.4 MB | 1.0/2.0 MB | 147/466 kB | 45/125 kB | 49/150 kBProgress (5): 1.0/1.4 MB | 1.0/2.0 MB | 147/466 kB | 45/125 kB | 57/150 kBProgress (5): 1.0/1.4 MB | 1.0/2.0 MB | 147/466 kB | 61/125 kB | 57/150 kBProgress (5): 1.0/1.4 MB | 1.0/2.0 MB | 147/466 kB | 61/125 kB | 73/150 kBProgress (5): 1.0/1.4 MB | 1.0/2.0 MB | 147/466 kB | 78/125 kB | 73/150 kBProgress (5): 1.0/1.4 MB | 1.0/2.0 MB | 163/466 kB | 78/125 kB | 73/150 kBProgress (5): 1.0/1.4 MB | 1.0/2.0 MB | 179/466 kB | 78/125 kB | 73/150 kBProgress (5): 1.0/1.4 MB | 1.0/2.0 MB | 179/466 kB | 78/125 kB | 73/150 kBProgress (5): 1.0/1.4 MB | 1.0/2.0 MB | 179/466 kB | 78/125 kB | 73/150 kBProgress (5): 1.0/1.4 MB | 1.0/2.0 MB | 196/466 kB | 78/125 kB | 73/150 kBProgress (5): 1.0/1.4 MB | 1.0/2.0 MB | 196/466 kB | 94/125 kB | 73/150 kBProgress (5): 1.0/1.4 MB | 1.0/2.0 MB | 196/466 kB | 94/125 kB | 90/150 kBProgress (5): 1.0/1.4 MB | 1.0/2.0 MB | 196/466 kB | 94/125 kB | 106/150 kBProgress (5): 1.0/1.4 MB | 1.0/2.0 MB | 196/466 kB | 111/125 kB | 106/150 kBProgress (5): 1.0/1.4 MB | 1.0/2.0 MB | 196/466 kB | 125 kB | 106/150 kB                                                                            Downloaded from central: https://repo.maven.apache.org/maven2/org/ow2/asm/asm/9.7/asm-9.7.jar (125 kB at 49 kB/s)
Downloading from central: https://repo.maven.apache.org/maven2/org/ow2/asm/asm-commons/9.7/asm-commons-9.7.jar
Progress (4): 1.0/1.4 MB | 1.0/2.0 MB | 196/466 kB | 122/150 kBProgress (4): 1.0/1.4 MB | 1.0/2.0 MB | 212/466 kB | 122/150 kBProgress (4): 1.0/1.4 MB | 1.0/2.0 MB | 212/466 kB | 122/150 kBProgress (4): 1.0/1.4 MB | 1.0/2.0 MB | 212/466 kB | 139/150 kBProgress (4): 1.0/1.4 MB | 1.0/2.0 MB | 229/466 kB | 139/150 kBProgress (4): 1.0/1.4 MB | 1.0/2.0 MB | 229/466 kB | 139/150 kBProgress (4): 1.0/1.4 MB | 1.0/2.0 MB | 229/466 kB | 150 kB    Progress (4): 1.0/1.4 MB | 1.0/2.0 MB | 245/466 kB | 150 kBProgress (4): 1.0/1.4 MB | 1.0/2.0 MB | 245/466 kB | 150 kBProgress (4): 1.0/1.4 MB | 1.1/2.0 MB | 245/466 kB | 150 kBProgress (4): 1.0/1.4 MB | 1.1/2.0 MB | 261/466 kB | 150 kBProgress (4): 1.0/1.4 MB | 1.1/2.0 MB | 278/466 kB | 150 kBProgress (4): 1.0/1.4 MB | 1.1/2.0 MB | 294/466 kB | 150 kBProgress (4): 1.0/1.4 MB | 1.1/2.0 MB | 294/466 kB | 150 kBProgress (4): 1.0/1.4 MB | 1.1/2.0 MB | 294/466 kB | 150 kBProgress (4): 1.0/1.4 MB | 1.1/2.0 MB | 294/466 kB | 150 kBProgress (4): 1.0/1.4 MB | 1.1/2.0 MB | 294/466 kB | 150 kBProgress (4): 1.0/1.4 MB | 1.1/2.0 MB | 311/466 kB | 150 kBProgress (4): 1.1/1.4 MB | 1.1/2.0 MB | 311/466 kB | 150 kBProgress (4): 1.1/1.4 MB | 1.1/2.0 MB | 311/466 kB | 150 kBProgress (4): 1.1/1.4 MB | 1.1/2.0 MB | 311/466 kB | 150 kBProgress (4): 1.1/1.4 MB | 1.1/2.0 MB | 327/466 kB | 150 kBProgress (4): 1.1/1.4 MB | 1.1/2.0 MB | 343/466 kB | 150 kBProgress (4): 1.1/1.4 MB | 1.1/2.0 MB | 360/466 kB | 150 kBProgress (4): 1.1/1.4 MB | 1.1/2.0 MB | 360/466 kB | 150 kBProgress (4): 1.1/1.4 MB | 1.1/2.0 MB | 376/466 kB | 150 kBProgress (5): 1.1/1.4 MB | 1.1/2.0 MB | 376/466 kB | 150 kB | 7.7/73 kBProgress (5): 1.1/1.4 MB | 1.1/2.0 MB | 376/466 kB | 150 kB | 16/73 kB Progress (5): 1.1/1.4 MB | 1.1/2.0 MB | 376/466 kB | 150 kB | 32/73 kBProgress (5): 1.1/1.4 MB | 1.1/2.0 MB | 376/466 kB | 150 kB | 48/73 kBProgress (5): 1.1/1.4 MB | 1.1/2.0 MB | 376/466 kB | 150 kB | 65/73 kBProgress (5): 1.1/1.4 MB | 1.1/2.0 MB | 376/466 kB | 150 kB | 73 kB                                                                      Downloaded from central: https://repo.maven.apache.org/maven2/org/apache/maven/plugins/maven-shade-plugin/3.6.0/maven-shade-plugin-3.6.0.jar (150 kB at 55 kB/s)
Downloading from central: https://repo.maven.apache.org/maven2/org/ow2/asm/asm-tree/9.7/asm-tree-9.7.jar
Downloaded from central: https://repo.maven.apache.org/maven2/org/ow2/asm/asm-commons/9.7/asm-commons-9.7.jar (73 kB at 27 kB/s)
Downloading from central: https://repo.maven.apache.org/maven2/org/jdom/jdom2/2.0.6.1/jdom2-2.0.6.1.jar
Progress (3): 1.1/1.4 MB | 1.1/2.0 MB | 376/466 kBProgress (3): 1.1/1.4 MB | 1.1/2.0 MB | 376/466 kBProgress (3): 1.1/1.4 MB | 1.1/2.0 MB | 376/466 kBProgress (3): 1.1/1.4 MB | 1.2/2.0 MB | 376/466 kBProgress (4): 1.1/1.4 MB | 1.2/2.0 MB | 376/466 kB | 7.7/52 kBProgress (4): 1.1/1.4 MB | 1.2/2.0 MB | 376/466 kB | 16/52 kB Progress (4): 1.1/1.4 MB | 1.2/2.0 MB | 376/466 kB | 32/52 kBProgress (4): 1.1/1.4 MB | 1.2/2.0 MB | 376/466 kB | 32/52 kBProgress (4): 1.1/1.4 MB | 1.2/2.0 MB | 376/466 kB | 48/52 kBProgress (4): 1.1/1.4 MB | 1.2/2.0 MB | 376/466 kB | 48/52 kBProgress (4): 1.1/1.4 MB | 1.2/2.0 MB | 376/466 kB | 52 kB   Progress (4): 1.1/1.4 MB | 1.2/2.0 MB | 376/466 kB | 52 kBProgress (4): 1.1/1.4 MB | 1.2/2.0 MB | 376/466 kB | 52 kBProgress (4): 1.2/1.4 MB | 1.2/2.0 MB | 376/466 kB | 52 kBProgress (4): 1.2/1.4 MB | 1.2/2.0 MB | 376/466 kB | 52 kBProgress (4): 1.2/1.4 MB | 1.2/2.0 MB | 376/466 kB | 52 kBProgress (4): 1.2/1.4 MB | 1.2/2.0 MB | 376/466 kB | 52 kBProgress (4): 1.2/1.4 MB | 1.2/2.0 MB | 376/466 kB | 52 kBProgress (5): 1.2/1.4 MB | 1.2/2.0 MB | 376/466 kB | 52 kB | 7.7/328 kBProgress (5): 1.2/1.4 MB | 1.2/2.0 MB | 376/466 kB | 52 kB | 7.7/328 kBProgress (5): 1.2/1.4 MB | 1.2/2.0 MB | 376/466 kB | 52 kB | 16/328 kB Progress (5): 1.2/1.4 MB | 1.2/2.0 MB | 376/466 kB | 52 kB | 16/328 kBProgress (5): 1.2/1.4 MB | 1.2/2.0 MB | 376/466 kB | 52 kB | 32/328 kBProgress (5): 1.2/1.4 MB | 1.2/2.0 MB | 376/466 kB | 52 kB | 32/328 kBProgress (5): 1.2/1.4 MB | 1.2/2.0 MB | 376/466 kB | 52 kB | 49/328 kBProgress (5): 1.2/1.4 MB | 1.3/2.0 MB | 376/466 kB | 52 kB | 49/328 kBProgress (5): 1.2/1.4 MB | 1.3/2.0 MB | 376/466 kB | 52 kB | 65/328 kBProgress (5): 1.2/1.4 MB | 1.3/2.0 MB | 376/466 kB | 52 kB | 81/328 kBProgress (5): 1.2/1.4 MB | 1.3/2.0 MB | 376/466 kB | 52 kB | 98/328 kBProgress (5): 1.2/1.4 MB | 1.3/2.0 MB | 376/466 kB | 52 kB | 114/328 kBProgress (5): 1.2/1.4 MB | 1.3/2.0 MB | 376/466 kB | 52 kB | 130/328 kB                                                                       Downloaded from central: https://repo.maven.apache.org/maven2/org/ow2/asm/asm-tree/9.7/asm-tree-9.7.jar (52 kB at 18 kB/s)
Downloading from central: https://repo.maven.apache.org/maven2/org/vafer/jdependency/2.10/jdependency-2.10.jar
Progress (4): 1.2/1.4 MB | 1.3/2.0 MB | 392/466 kB | 130/328 kBProgress (4): 1.2/1.4 MB | 1.3/2.0 MB | 392/466 kB | 147/328 kBProgress (4): 1.2/1.4 MB | 1.3/2.0 MB | 392/466 kB | 147/328 kBProgress (4): 1.2/1.4 MB | 1.3/2.0 MB | 392/466 kB | 147/328 kBProgress (4): 1.2/1.4 MB | 1.3/2.0 MB | 409/466 kB | 147/328 kBProgress (4): 1.2/1.4 MB | 1.3/2.0 MB | 409/466 kB | 147/328 kBProgress (4): 1.2/1.4 MB | 1.3/2.0 MB | 409/466 kB | 163/328 kBProgress (4): 1.2/1.4 MB | 1.3/2.0 MB | 425/466 kB | 163/328 kBProgress (4): 1.2/1.4 MB | 1.3/2.0 MB | 442/466 kB | 163/328 kBProgress (4): 1.2/1.4 MB | 1.3/2.0 MB | 442/466 kB | 163/328 kBProgress (4): 1.2/1.4 MB | 1.3/2.0 MB | 442/466 kB | 179/328 kBProgress (4): 1.3/1.4 MB | 1.3/2.0 MB | 442/466 kB | 179/328 kBProgress (4): 1.3/1.4 MB | 1.3/2.0 MB | 458/466 kB | 179/328 kBProgress (4): 1.3/1.4 MB | 1.3/2.0 MB | 466 kB | 179/328 kB    Progress (4): 1.3/1.4 MB | 1.3/2.0 MB | 466 kB | 179/328 kBProgress (4): 1.3/1.4 MB | 1.3/2.0 MB | 466 kB | 179/328 kBProgress (4): 1.3/1.4 MB | 1.3/2.0 MB | 466 kB | 196/328 kBProgress (4): 1.3/1.4 MB | 1.3/2.0 MB | 466 kB | 212/328 kBProgress (5): 1.3/1.4 MB | 1.3/2.0 MB | 466 kB | 212/328 kB | 7.7/416 kBProgress (5): 1.3/1.4 MB | 1.3/2.0 MB | 466 kB | 212/328 kB | 7.7/416 kBProgress (5): 1.3/1.4 MB | 1.3/2.0 MB | 466 kB | 212/328 kB | 7.7/416 kBProgress (5): 1.3/1.4 MB | 1.3/2.0 MB | 466 kB | 212/328 kB | 16/416 kB Progress (5): 1.3/1.4 MB | 1.3/2.0 MB | 466 kB | 212/328 kB | 28/416 kBProgress (5): 1.3/1.4 MB | 1.3/2.0 MB | 466 kB | 229/328 kB | 28/416 kBProgress (5): 1.3/1.4 MB | 1.3/2.0 MB | 466 kB | 229/328 kB | 44/416 kBProgress (5): 1.3/1.4 MB | 1.3/2.0 MB | 466 kB | 229/328 kB | 61/416 kBProgress (5): 1.3/1.4 MB | 1.3/2.0 MB | 466 kB | 229/328 kB | 77/416 kBProgress (5): 1.3/1.4 MB | 1.3/2.0 MB | 466 kB | 229/328 kB | 93/416 kB                                                                       Downloaded from central: https://repo.maven.apache.org/maven2/org/springframework/boot/spring-boot-loader-tools/3.5.12/spring-boot-loader-tools-3.5.12.jar (466 kB at 152 kB/s)
Progress (4): 1.3/1.4 MB | 1.3/2.0 MB | 229/328 kB | 93/416 kBProgress (4): 1.3/1.4 MB | 1.3/2.0 MB | 229/328 kB | 110/416 kBProgress (4): 1.3/1.4 MB | 1.3/2.0 MB | 229/328 kB | 110/416 kBProgress (4): 1.3/1.4 MB | 1.3/2.0 MB | 229/328 kB | 110/416 kBProgress (4): 1.3/1.4 MB | 1.3/2.0 MB | 245/328 kB | 110/416 kBProgress (4): 1.3/1.4 MB | 1.3/2.0 MB | 245/328 kB | 126/416 kBProgress (4): 1.3/1.4 MB | 1.3/2.0 MB | 261/328 kB | 126/416 kBProgress (4): 1.3/1.4 MB | 1.3/2.0 MB | 261/328 kB | 143/416 kBProgress (4): 1.3/1.4 MB | 1.3/2.0 MB | 261/328 kB | 159/416 kBProgress (4): 1.3/1.4 MB | 1.3/2.0 MB | 261/328 kB | 159/416 kBProgress (4): 1.3/1.4 MB | 1.4/2.0 MB | 261/328 kB | 159/416 kBProgress (4): 1.3/1.4 MB | 1.4/2.0 MB | 261/328 kB | 175/416 kBProgress (4): 1.3/1.4 MB | 1.4/2.0 MB | 278/328 kB | 175/416 kBProgress (4): 1.3/1.4 MB | 1.4/2.0 MB | 278/328 kB | 175/416 kBProgress (4): 1.3/1.4 MB | 1.4/2.0 MB | 278/328 kB | 192/416 kBProgress (4): 1.4/1.4 MB | 1.4/2.0 MB | 278/328 kB | 192/416 kBProgress (4): 1.4/1.4 MB | 1.4/2.0 MB | 294/328 kB | 192/416 kBProgress (4): 1.4/1.4 MB | 1.4/2.0 MB | 294/328 kB | 208/416 kBProgress (4): 1.4/1.4 MB | 1.4/2.0 MB | 311/328 kB | 208/416 kBProgress (4): 1.4/1.4 MB | 1.4/2.0 MB | 311/328 kB | 208/416 kBProgress (4): 1.4/1.4 MB | 1.4/2.0 MB | 311/328 kB | 225/416 kBProgress (4): 1.4/1.4 MB | 1.4/2.0 MB | 311/328 kB | 241/416 kBProgress (4): 1.4/1.4 MB | 1.4/2.0 MB | 311/328 kB | 241/416 kBProgress (4): 1.4 MB | 1.4/2.0 MB | 311/328 kB | 241/416 kB    Progress (4): 1.4 MB | 1.4/2.0 MB | 327/328 kB | 241/416 kBProgress (4): 1.4 MB | 1.4/2.0 MB | 328 kB | 241/416 kB                                                           Downloaded from central: https://repo.maven.apache.org/maven2/org/jdom/jdom2/2.0.6.1/jdom2-2.0.6.1.jar (328 kB at 103 kB/s)
Downloaded from central: https://repo.maven.apache.org/maven2/net/java/dev/jna/jna-platform/5.17.0/jna-platform-5.17.0.jar (1.4 MB at 431 kB/s)
Progress (2): 1.4/2.0 MB | 257/416 kBProgress (2): 1.4/2.0 MB | 257/416 kBProgress (2): 1.4/2.0 MB | 274/416 kBProgress (2): 1.4/2.0 MB | 274/416 kBProgress (2): 1.4/2.0 MB | 290/416 kBProgress (2): 1.4/2.0 MB | 290/416 kBProgress (2): 1.4/2.0 MB | 306/416 kBProgress (2): 1.4/2.0 MB | 306/416 kBProgress (2): 1.4/2.0 MB | 323/416 kBProgress (2): 1.4/2.0 MB | 339/416 kBProgress (2): 1.5/2.0 MB | 339/416 kBProgress (2): 1.5/2.0 MB | 356/416 kBProgress (2): 1.5/2.0 MB | 356/416 kBProgress (2): 1.5/2.0 MB | 356/416 kBProgress (2): 1.5/2.0 MB | 372/416 kBProgress (2): 1.5/2.0 MB | 388/416 kBProgress (2): 1.5/2.0 MB | 405/416 kBProgress (2): 1.5/2.0 MB | 416 kB                                     Downloaded from central: https://repo.maven.apache.org/maven2/org/vafer/jdependency/2.10/jdependency-2.10.jar (416 kB at 124 kB/s)
Progress (1): 1.5/2.0 MBProgress (1): 1.5/2.0 MBProgress (1): 1.5/2.0 MBProgress (1): 1.5/2.0 MBProgress (1): 1.6/2.0 MBProgress (1): 1.6/2.0 MBProgress (1): 1.6/2.0 MBProgress (1): 1.6/2.0 MBProgress (1): 1.6/2.0 MBProgress (1): 1.6/2.0 MBProgress (1): 1.7/2.0 MBProgress (1): 1.7/2.0 MBProgress (1): 1.7/2.0 MBProgress (1): 1.7/2.0 MBProgress (1): 1.7/2.0 MBProgress (1): 1.7/2.0 MBProgress (1): 1.7/2.0 MBProgress (1): 1.8/2.0 MBProgress (1): 1.8/2.0 MBProgress (1): 1.8/2.0 MBProgress (1): 1.8/2.0 MBProgress (1): 1.8/2.0 MBProgress (1): 1.8/2.0 MBProgress (1): 1.9/2.0 MBProgress (1): 1.9/2.0 MBProgress (1): 1.9/2.0 MBProgress (1): 1.9/2.0 MBProgress (1): 1.9/2.0 MBProgress (1): 1.9/2.0 MBProgress (1): 2.0/2.0 MBProgress (1): 2.0/2.0 MBProgress (1): 2.0/2.0 MBProgress (1): 2.0 MB                        Downloaded from central: https://repo.maven.apache.org/maven2/net/java/dev/jna/jna/5.17.0/jna-5.17.0.jar (2.0 MB at 487 kB/s)
[INFO] ------------------------------------------------------------------------
[INFO] BUILD FAILURE
[INFO] ------------------------------------------------------------------------
[INFO] Total time:  26.146 s
[INFO] Finished at: 2026-03-24T11:56:44+05:30
[INFO] ------------------------------------------------------------------------
[ERROR] Failed to execute goal org.springframework.boot:spring-boot-maven-plugin:3.5.12:repackage (repackage) on project identity-verification: Execution repackage of goal org.springframework.boot:spring-boot-maven-plugin:3.5.12:repackage failed: Unable to find main class -> [Help 1]
[ERROR] 
[ERROR] To see the full stack trace of the errors, re-run Maven with the -e switch.
[ERROR] Re-run Maven using the -X switch to enable full debug logging.
[ERROR] 
[ERROR] For more information about the errors and possible solutions, please read the following articles:
[ERROR] [Help 1] http://cwiki.apache.org/confluence/display/MAVEN/PluginExecutionException
Build completed with exit code: 1
 Volume in drive D is New Volume
 Volume Serial Number is D62F-B3E0

 Directory of d:\NANI\identity-verification\target

24-03-2026  11:56                22 identity-verification-0.0.1-SNAPSHOT.jar
               1 File(s)             22 bytes
               0 Dir(s)  312,991,199,232 bytes free
JAR file created successfully
